#
# There is insufficient memory for the Java Runtime Environment to continue.
# Native memory allocation (malloc) failed to allocate 1048576 bytes. Error detail: AllocateHeap
# Possible reasons:
#   The system is out of physical RAM or swap space
#   This process is running with CompressedOops enabled, and the Java Heap may be blocking the growth of the native heap
# Possible solutions:
#   Reduce memory load on the system
#   Increase physical memory or swap space
#   Check if swap backing store is full
#   Decrease Java heap size (-Xmx/-Xms)
#   Decrease number of Java threads
#   Decrease Java thread stack sizes (-Xss)
#   Set larger code cache with -XX:ReservedCodeCacheSize=
#   JVM is running with Unscaled Compressed Oops mode in which the Java heap is
#     placed in the first 4GB address space. The Java Heap base address is the
#     maximum limit for the native heap growth. Please use -XX:HeapBaseMinAddress
#     to set the Java Heap base and to place the Java Heap above 4GB virtual address.
# This output file may be truncated or incomplete.
#
#  Out of Memory Error (allocation.cpp:44), pid=16128, tid=10676
#
# JRE version: OpenJDK Runtime Environment Temurin-21.0.10+7 (21.0.10+7) (build 21.0.10+7-LTS)
# Java VM: OpenJDK 64-Bit Server VM Temurin-21.0.10+7 (21.0.10+7-LTS, mixed mode, sharing, tiered, compressed oops, compressed class ptrs, parallel gc, windows-amd64)
# No core dump will be written. Minidumps are not enabled by default on client versions of Windows
#

---------------  S U M M A R Y ------------

Command Line: --add-modules=ALL-SYSTEM --add-opens=java.base/java.util=ALL-UNNAMED --add-opens=java.base/java.lang=ALL-UNNAMED --add-opens=java.base/sun.nio.fs=ALL-UNNAMED -Declipse.application=org.eclipse.jdt.ls.core.id1 -Dosgi.bundles.defaultStartLevel=4 -Declipse.product=org.eclipse.jdt.ls.core.product -Djava.import.generatesMetadataFilesAtProjectRoot=false -DDetectVMInstallationsJob.disabled=true -Dfile.encoding=utf8 -XX:+UseParallelGC -XX:GCTimeRatio=4 -XX:AdaptiveSizePolicyWeight=90 -Dsun.zip.disableMemoryMapping=true -Xmx2G -Xms100m -Xlog:disable -javaagent:c:\Users\Admin\.vscode\extensions\redhat.java-1.54.0-win32-x64\lombok\lombok-1.18.39-4050.jar -XX:+HeapDumpOnOutOfMemoryError -XX:HeapDumpPath=c:\Users\Admin\AppData\Roaming\Code\User\workspaceStorage\42ca9649d7bce818b9fe6d287216a057\redhat.java -Daether.dependencyCollector.impl=bf c:\Users\Admin\.vscode\extensions\redhat.java-1.54.0-win32-x64\server\plugins\org.eclipse.equinox.launcher_1.7.100.v20251111-0406.jar -configuration c:\Users\Admin\AppData\Roaming\Code\User\globalStorage\redhat.java\1.54.0\config_win -data c:\Users\Admin\AppData\Roaming\Code\User\workspaceStorage\42ca9649d7bce818b9fe6d287216a057\redhat.java\jdt_ws --pipe=\\.\pipe\lsp-1652a763baecd6508131b5d62f0fa58c-sock

Host: Intel(R) Core(TM) i5-7300U CPU @ 2.60GHz, 4 cores, 7G,  Windows 10 , 64 bit Build 19041 (10.0.19041.7291)
Time: Sun Jun 21 17:44:16 2026 India Standard Time elapsed time: 70124.291714 seconds (0d 19h 28m 44s)

---------------  T H R E A D  ---------------

Current thread (0x000001e9f7658a10):  JavaThread "Attach Listener" daemon [_thread_in_vm, id=10676, stack(0x0000002538600000,0x0000002538700000) (1024K)]

Stack: [0x0000002538600000,0x0000002538700000]
Native frames: (J=compiled Java code, j=interpreted, Vv=VM code, C=native code)
V  [jvm.dll+0x6d7a39]
V  [jvm.dll+0x8b4b26]
V  [jvm.dll+0x8b70de]
V  [jvm.dll+0x8b77c3]
V  [jvm.dll+0x284346]
V  [jvm.dll+0xc1277]
V  [jvm.dll+0x6d82e9]
V  [jvm.dll+0x1334a6]
V  [jvm.dll+0x3f857e]
V  [jvm.dll+0x85f59d]
V  [jvm.dll+0x6d626d]
C  [ucrtbase.dll+0x21bb2]
C  [KERNEL32.DLL+0x17374]
C  [ntdll.dll+0x4cc91]


---------------  P R O C E S S  ---------------

Threads class SMR info:
_java_thread_list=0x000001e9d02cd140, length=30, elements={
0x000001e9e0c711b0, 0x000001e9f7652740, 0x000001e9f7654050, 0x000001e9f7655be0,
0x000001e9f7658a10, 0x000001e9f765a5e0, 0x000001e9f765b040, 0x000001e9f765be80,
0x000001e9f76d9c60, 0x000001e9f83d1b70, 0x000001e9f8541630, 0x000001e9f86c3230,
0x000001e9f893f9a0, 0x000001e9f8898040, 0x000001e9f8888e20, 0x000001e9fd1b0520,
0x000001e9fd46d6c0, 0x000001e9f8747840, 0x000001e9fd524d30, 0x000001e9fd526e00,
0x000001e9fd524010, 0x000001e9f8d2a970, 0x000001e9f8d2fec0, 0x000001e9f8d2eb10,
0x000001e9f8d2b000, 0x000001e9f8d28f30, 0x000001e9f8d30550, 0x000001e9f8d2bd20,
0x000001e9f8d2f1a0, 0x000001e9fddc5cd0
}

Java Threads: ( => current thread )
  0x000001e9e0c711b0 JavaThread "main"                              [_thread_blocked, id=13212, stack(0x0000002537f00000,0x0000002538000000) (1024K)]
  0x000001e9f7652740 JavaThread "Reference Handler"          daemon [_thread_blocked, id=12156, stack(0x0000002538300000,0x0000002538400000) (1024K)]
  0x000001e9f7654050 JavaThread "Finalizer"                  daemon [_thread_blocked, id=15736, stack(0x0000002538400000,0x0000002538500000) (1024K)]
  0x000001e9f7655be0 JavaThread "Signal Dispatcher"          daemon [_thread_blocked, id=18844, stack(0x0000002538500000,0x0000002538600000) (1024K)]
=>0x000001e9f7658a10 JavaThread "Attach Listener"            daemon [_thread_in_vm, id=10676, stack(0x0000002538600000,0x0000002538700000) (1024K)]
  0x000001e9f765a5e0 JavaThread "Service Thread"             daemon [_thread_blocked, id=2828, stack(0x0000002538700000,0x0000002538800000) (1024K)]
  0x000001e9f765b040 JavaThread "Monitor Deflation Thread"   daemon [_thread_blocked, id=5440, stack(0x0000002538800000,0x0000002538900000) (1024K)]
  0x000001e9f765be80 JavaThread "C2 CompilerThread0"         daemon [_thread_blocked, id=18592, stack(0x0000002538900000,0x0000002538a00000) (1024K)]
  0x000001e9f76d9c60 JavaThread "C1 CompilerThread0"         daemon [_thread_blocked, id=6468, stack(0x0000002538a00000,0x0000002538b00000) (1024K)]
  0x000001e9f83d1b70 JavaThread "Common-Cleaner"             daemon [_thread_blocked, id=924, stack(0x0000002538b00000,0x0000002538c00000) (1024K)]
  0x000001e9f8541630 JavaThread "Notification Thread"        daemon [_thread_blocked, id=18732, stack(0x0000002538c00000,0x0000002538d00000) (1024K)]
  0x000001e9f86c3230 JavaThread "Active Thread: Equinox Container: b80ca13d-cb46-4d2e-b162-37c9bc5baf91"        [_thread_blocked, id=12444, stack(0x0000002539000000,0x0000002539100000) (1024K)]
  0x000001e9f893f9a0 JavaThread "Refresh Thread: Equinox Container: b80ca13d-cb46-4d2e-b162-37c9bc5baf91" daemon [_thread_blocked, id=18716, stack(0x0000002539100000,0x0000002539200000) (1024K)]
  0x000001e9f8898040 JavaThread "Framework Event Dispatcher: Equinox Container: b80ca13d-cb46-4d2e-b162-37c9bc5baf91" daemon [_thread_blocked, id=10780, stack(0x0000002539200000,0x0000002539300000) (1024K)]
  0x000001e9f8888e20 JavaThread "Start Level: Equinox Container: b80ca13d-cb46-4d2e-b162-37c9bc5baf91" daemon [_thread_blocked, id=10076, stack(0x0000002539300000,0x0000002539400000) (1024K)]
  0x000001e9fd1b0520 JavaThread "Bundle File Closer"         daemon [_thread_blocked, id=8808, stack(0x0000002539400000,0x0000002539500000) (1024K)]
  0x000001e9fd46d6c0 JavaThread "SCR Component Actor"        daemon [_thread_blocked, id=13516, stack(0x0000002537e00000,0x0000002537f00000) (1024K)]
  0x000001e9f8747840 JavaThread "Worker-JM"                         [_thread_blocked, id=10272, stack(0x0000002539500000,0x0000002539600000) (1024K)]
  0x000001e9fd524d30 JavaThread "JNA Cleaner"                daemon [_thread_blocked, id=4008, stack(0x0000002539700000,0x0000002539800000) (1024K)]
  0x000001e9fd526e00 JavaThread "Worker-2"                          [_thread_blocked, id=12924, stack(0x0000002539b00000,0x0000002539c00000) (1024K)]
  0x000001e9fd524010 JavaThread "Java indexing"              daemon [_thread_blocked, id=1548, stack(0x0000002539c00000,0x0000002539d00000) (1024K)]
  0x000001e9f8d2a970 JavaThread "Thread-1"                   daemon [_thread_in_native, id=3288, stack(0x000000253a100000,0x000000253a200000) (1024K)]
  0x000001e9f8d2fec0 JavaThread "Thread-2"                   daemon [_thread_in_native, id=17064, stack(0x000000253a200000,0x000000253a300000) (1024K)]
  0x000001e9f8d2eb10 JavaThread "Thread-3"                   daemon [_thread_in_native, id=4608, stack(0x000000253a300000,0x000000253a400000) (1024K)]
  0x000001e9f8d2b000 JavaThread "Thread-4"                   daemon [_thread_in_native, id=19824, stack(0x000000253a400000,0x000000253a500000) (1024K)]
  0x000001e9f8d28f30 JavaThread "Thread-5"                   daemon [_thread_in_native, id=7388, stack(0x000000253a500000,0x000000253a600000) (1024K)]
  0x000001e9f8d30550 JavaThread "pool-2-thread-1"                   [_thread_blocked, id=16452, stack(0x000000253a600000,0x000000253a700000) (1024K)]
  0x000001e9f8d2bd20 JavaThread "WorkspaceEventsHandler"            [_thread_blocked, id=12416, stack(0x000000253a700000,0x000000253a800000) (1024K)]
  0x000001e9f8d2f1a0 JavaThread "pool-1-thread-1"                   [_thread_blocked, id=8296, stack(0x000000253a800000,0x000000253a900000) (1024K)]
  0x000001e9fddc5cd0 JavaThread "Worker-6"                          [_thread_blocked, id=16456, stack(0x0000002539900000,0x0000002539a00000) (1024K)]
Total: 30

Other Threads:
  0x000001e9e0d27350 VMThread "VM Thread"                           [id=5092, stack(0x0000002538200000,0x0000002538300000) (1024K)]
  0x000001e9e0cd5230 WatcherThread "VM Periodic Task Thread"        [id=15728, stack(0x0000002538100000,0x0000002538200000) (1024K)]
  0x000001e9e0c87120 WorkerThread "GC Thread#0"                     [id=10876, stack(0x0000002538000000,0x0000002538100000) (1024K)]
  0x000001e9f8ab2c40 WorkerThread "GC Thread#1"                     [id=13744, stack(0x0000002538d00000,0x0000002538e00000) (1024K)]
  0x000001e9f8abd050 WorkerThread "GC Thread#2"                     [id=6788, stack(0x0000002538e00000,0x0000002538f00000) (1024K)]
  0x000001e9f8abd400 WorkerThread "GC Thread#3"                     [id=19660, stack(0x0000002538f00000,0x0000002539000000) (1024K)]
Total: 6

Threads with active compile tasks:
Total: 0

VM state: not at safepoint (normal execution)

VM Mutex/Monitor currently owned by a thread: None

Heap address: 0x0000000080000000, size: 2048 MB, Compressed Oops mode: 32-bit

CDS archive(s) mapped at: [0x000001e980000000-0x000001e980ba0000-0x000001e980ba0000), size 12189696, SharedBaseAddress: 0x000001e980000000, ArchiveRelocationMode: 1.
Compressed class space mapped at: 0x000001e981000000-0x000001e9c1000000, reserved size: 1073741824
Narrow klass base: 0x000001e980000000, Narrow klass shift: 0, Narrow klass range: 0x100000000

GC Precious Log:
 CardTable entry size: 512
 CPUs: 4 total, 4 available
 Memory: 8070M
 Large Page Support: Disabled
 NUMA Support: Disabled
 Compressed Oops: Enabled (32-bit)
 Alignments: Space 512K, Generation 512K, Heap 2M
 Heap Min Capacity: 100M
 Heap Initial Capacity: 100M
 Heap Max Capacity: 2G
 Pre-touch: Disabled
 Parallel Workers: 4

Heap:
 PSYoungGen      total 2048K, used 999K [0x00000000d5580000, 0x00000000d5900000, 0x0000000100000000)
  eden space 1536K, 44% used [0x00000000d5580000,0x00000000d5629e88,0x00000000d5700000)
  from space 512K, 62% used [0x00000000d5780000,0x00000000d57d0000,0x00000000d5800000)
  to   space 1024K, 0% used [0x00000000d5800000,0x00000000d5800000,0x00000000d5900000)
 ParOldGen       total 211968K, used 165171K [0x0000000080000000, 0x000000008cf00000, 0x00000000d5580000)
  object space 211968K, 77% used [0x0000000080000000,0x000000008a14cd50,0x000000008cf00000)
 Metaspace       used 75398K, committed 76864K, reserved 1179648K
  class space    used 7702K, committed 8320K, reserved 1048576K

Card table byte_map: [0x000001e9e0630000,0x000001e9e0a40000] _byte_map_base: 0x000001e9e0230000

Marking Bits: (ParMarkBitMap*) 0x00007ffbddad3450
 Begin Bits: [0x000001e9f3120000, 0x000001e9f5120000)
 End Bits:   [0x000001e9f5120000, 0x000001e9f7120000)

Polling page: 0x000001e9dea80000

Metaspace:

Usage:
  Non-class:     66.11 MB used.
      Class:      7.52 MB used.
       Both:     73.63 MB used.

Virtual space:
  Non-class space:      128.00 MB reserved,      66.94 MB ( 52%) committed,  2 nodes.
      Class space:        1.00 GB reserved,       8.12 MB ( <1%) committed,  1 nodes.
             Both:        1.12 GB reserved,      75.06 MB (  7%) committed. 

Chunk freelists:
   Non-Class:  12.64 MB
       Class:  7.89 MB
        Both:  20.54 MB

MaxMetaspaceSize: unlimited
CompressedClassSpaceSize: 1.00 GB
Initial GC threshold: 21.00 MB
Current GC threshold: 122.19 MB
CDS: on
 - commit_granule_bytes: 65536.
 - commit_granule_words: 8192.
 - virtual_space_node_default_size: 8388608.
 - enlarge_chunks_in_place: 1.
 - use_allocation_guard: 0.


Internal statistics:

num_allocs_failed_limit: 9.
num_arena_births: 1528.
num_arena_deaths: 358.
num_vsnodes_births: 3.
num_vsnodes_deaths: 0.
num_space_committed: 1201.
num_space_uncommitted: 0.
num_chunks_returned_to_freelist: 444.
num_chunks_taken_from_freelist: 5231.
num_chunk_merges: 145.
num_chunk_splits: 3011.
num_chunks_enlarged: 1631.
num_inconsistent_stats: 0.

CodeHeap 'non-profiled nmethods': size=120000Kb used=13351Kb max_used=13351Kb free=106648Kb
 bounds [0x000001e9eb940000, 0x000001e9ec650000, 0x000001e9f2e70000]
CodeHeap 'profiled nmethods': size=120000Kb used=39308Kb max_used=39308Kb free=80691Kb
 bounds [0x000001e9e3e70000, 0x000001e9e64e0000, 0x000001e9eb3a0000]
CodeHeap 'non-nmethods': size=5760Kb used=1478Kb max_used=1613Kb free=4281Kb
 bounds [0x000001e9eb3a0000, 0x000001e9eb610000, 0x000001e9eb940000]
CodeCache: size=245760Kb, used=54137Kb, max_used=54272Kb, free=191620Kb
 total_blobs=15563, nmethods=14772, adapters=693, full_count=0
Compilation: enabled, stopped_count=0, restarted_count=0

Compilation events (20 events):
Event: 55927.750 Thread 0x000001e9f765be80 16445   !   4       java.util.concurrent.locks.AbstractQueuedSynchronizer::acquire (424 bytes)
Event: 55928.022 Thread 0x000001e9f765be80 nmethod 16445 0x000001e9ec645990 code [0x000001e9ec645c00, 0x000001e9ec646968]
Event: 57368.079 Thread 0x000001e9f765be80 16447       4       java.util.concurrent.locks.AbstractQueuedSynchronizer$Node::clearStatus (12 bytes)
Event: 57368.084 Thread 0x000001e9f765be80 nmethod 16447 0x000001e9ec647690 code [0x000001e9ec647820, 0x000001e9ec6478b0]
Event: 57789.100 Thread 0x000001e9f765be80 16448       4       java.util.concurrent.locks.AbstractQueuedSynchronizer$Node::getAndUnsetStatus (14 bytes)
Event: 57789.118 Thread 0x000001e9f765be80 nmethod 16448 0x000001e9ec647990 code [0x000001e9ec647b20, 0x000001e9ec647bf0]
Event: 58291.992 Thread 0x000001e9f765be80 16449   !   4       java.util.concurrent.locks.LockSupport::parkNanos (56 bytes)
Event: 58292.010 Thread 0x000001e9f765be80 nmethod 16449 0x000001e9ec647c90 code [0x000001e9ec647e40, 0x000001e9ec647fb8]
Event: 58599.848 Thread 0x000001e9f765be80 16450   !   4       java.util.concurrent.locks.AbstractQueuedSynchronizer::tryInitializeHead (66 bytes)
Event: 58599.877 Thread 0x000001e9f765be80 nmethod 16450 0x000001e9ec648110 code [0x000001e9ec6482a0, 0x000001e9ec648458]
Event: 68853.842 Thread 0x000001e9f76d9c60 16451   !   3       org.eclipse.core.internal.jobs.JobListeners::sendEvent (115 bytes)
Event: 68853.915 Thread 0x000001e9f76d9c60 nmethod 16451 0x000001e9e64d4390 code [0x000001e9e64d4620, 0x000001e9e64d5300]
Event: 68954.985 Thread 0x000001e9f765be80 16452   !   4       java.util.concurrent.locks.AbstractQueuedSynchronizer$ConditionObject::newConditionNode (78 bytes)
Event: 68955.099 Thread 0x000001e9f765be80 nmethod 16452 0x000001e9ec648590 code [0x000001e9ec648780, 0x000001e9ec648b30]
Event: 68993.167 Thread 0x000001e9f765be80 16453   !   4       java.util.concurrent.locks.AbstractQueuedSynchronizer::reacquire (64 bytes)
Event: 68993.182 Thread 0x000001e9f765be80 nmethod 16453 0x000001e9ec648e10 code [0x000001e9ec648fc0, 0x000001e9ec6491b0]
Event: 69653.737 Thread 0x000001e9f765be80 16454       4       java.util.concurrent.locks.AbstractQueuedSynchronizer$ConditionObject::enableWait (84 bytes)
Event: 69653.757 Thread 0x000001e9f765be80 nmethod 16454 0x000001e9ec649310 code [0x000001e9ec6494e0, 0x000001e9ec649808]
Event: 69709.752 Thread 0x000001e9f765be80 16455       4       java.util.concurrent.locks.AbstractQueuedSynchronizer$ConditionObject::unlinkCancelledWaiters (91 bytes)
Event: 69709.756 Thread 0x000001e9f765be80 nmethod 16455 0x000001e9ec649a90 code [0x000001e9ec649c20, 0x000001e9ec649da0]

GC Heap History (20 events):
Event: 36643.594 GC heap before
{Heap before GC invocations=478 (full 4):
 PSYoungGen      total 2560K, used 2368K [0x00000000d5580000, 0x00000000d5900000, 0x0000000100000000)
  eden space 2048K, 100% used [0x00000000d5580000,0x00000000d5780000,0x00000000d5780000)
  from space 512K, 62% used [0x00000000d5800000,0x00000000d5850040,0x00000000d5880000)
  to   space 512K, 0% used [0x00000000d5880000,0x00000000d5880000,0x00000000d5900000)
 ParOldGen       total 211968K, used 157386K [0x0000000080000000, 0x000000008cf00000, 0x00000000d5580000)
  object space 211968K, 74% used [0x0000000080000000,0x00000000899b29a0,0x000000008cf00000)
 Metaspace       used 75219K, committed 76736K, reserved 1179648K
  class space    used 7671K, committed 8320K, reserved 1048576K
}
Event: 36643.789 GC heap after
{Heap after GC invocations=478 (full 4):
 PSYoungGen      total 2560K, used 224K [0x00000000d5580000, 0x00000000d5900000, 0x0000000100000000)
  eden space 2048K, 0% used [0x00000000d5580000,0x00000000d5580000,0x00000000d5780000)
  from space 512K, 43% used [0x00000000d5880000,0x00000000d58b8020,0x00000000d5900000)
  to   space 512K, 0% used [0x00000000d5800000,0x00000000d5800000,0x00000000d5880000)
 ParOldGen       total 211968K, used 157510K [0x0000000080000000, 0x000000008cf00000, 0x00000000d5580000)
  object space 211968K, 74% used [0x0000000080000000,0x00000000899d19b0,0x000000008cf00000)
 Metaspace       used 75219K, committed 76736K, reserved 1179648K
  class space    used 7671K, committed 8320K, reserved 1048576K
}
Event: 36644.925 GC heap before
{Heap before GC invocations=479 (full 4):
 PSYoungGen      total 2560K, used 2272K [0x00000000d5580000, 0x00000000d5900000, 0x0000000100000000)
  eden space 2048K, 100% used [0x00000000d5580000,0x00000000d5780000,0x00000000d5780000)
  from space 512K, 43% used [0x00000000d5880000,0x00000000d58b8020,0x00000000d5900000)
  to   space 512K, 0% used [0x00000000d5800000,0x00000000d5800000,0x00000000d5880000)
 ParOldGen       total 211968K, used 157510K [0x0000000080000000, 0x000000008cf00000, 0x00000000d5580000)
  object space 211968K, 74% used [0x0000000080000000,0x00000000899d19b0,0x000000008cf00000)
 Metaspace       used 75304K, committed 76800K, reserved 1179648K
  class space    used 7682K, committed 8320K, reserved 1048576K
}
Event: 36644.929 GC heap after
{Heap after GC invocations=479 (full 4):
 PSYoungGen      total 2560K, used 314K [0x00000000d5580000, 0x00000000d5900000, 0x0000000100000000)
  eden space 2048K, 0% used [0x00000000d5580000,0x00000000d5580000,0x00000000d5780000)
  from space 512K, 61% used [0x00000000d5800000,0x00000000d584e900,0x00000000d5880000)
  to   space 512K, 0% used [0x00000000d5880000,0x00000000d5880000,0x00000000d5900000)
 ParOldGen       total 211968K, used 157662K [0x0000000080000000, 0x000000008cf00000, 0x00000000d5580000)
  object space 211968K, 74% used [0x0000000080000000,0x00000000899f79d0,0x000000008cf00000)
 Metaspace       used 75304K, committed 76800K, reserved 1179648K
  class space    used 7682K, committed 8320K, reserved 1048576K
}
Event: 36645.062 GC heap before
{Heap before GC invocations=480 (full 4):
 PSYoungGen      total 2560K, used 2362K [0x00000000d5580000, 0x00000000d5900000, 0x0000000100000000)
  eden space 2048K, 100% used [0x00000000d5580000,0x00000000d5780000,0x00000000d5780000)
  from space 512K, 61% used [0x00000000d5800000,0x00000000d584e900,0x00000000d5880000)
  to   space 512K, 0% used [0x00000000d5880000,0x00000000d5880000,0x00000000d5900000)
 ParOldGen       total 211968K, used 157662K [0x0000000080000000, 0x000000008cf00000, 0x00000000d5580000)
  object space 211968K, 74% used [0x0000000080000000,0x00000000899f79d0,0x000000008cf00000)
 Metaspace       used 75305K, committed 76800K, reserved 1179648K
  class space    used 7682K, committed 8320K, reserved 1048576K
}
Event: 36645.070 GC heap after
{Heap after GC invocations=480 (full 4):
 PSYoungGen      total 2048K, used 486K [0x00000000d5580000, 0x00000000d5a80000, 0x0000000100000000)
  eden space 1536K, 0% used [0x00000000d5580000,0x00000000d5580000,0x00000000d5700000)
  from space 512K, 95% used [0x00000000d5880000,0x00000000d58f9b28,0x00000000d5900000)
  to   space 1536K, 0% used [0x00000000d5700000,0x00000000d5700000,0x00000000d5880000)
 ParOldGen       total 211968K, used 158135K [0x0000000080000000, 0x000000008cf00000, 0x00000000d5580000)
  object space 211968K, 74% used [0x0000000080000000,0x0000000089a6ddd0,0x000000008cf00000)
 Metaspace       used 75305K, committed 76800K, reserved 1179648K
  class space    used 7682K, committed 8320K, reserved 1048576K
}
Event: 36645.280 GC heap before
{Heap before GC invocations=481 (full 4):
 PSYoungGen      total 2048K, used 1976K [0x00000000d5580000, 0x00000000d5a80000, 0x0000000100000000)
  eden space 1536K, 96% used [0x00000000d5580000,0x00000000d56f4760,0x00000000d5700000)
  from space 512K, 95% used [0x00000000d5880000,0x00000000d58f9b28,0x00000000d5900000)
  to   space 1536K, 0% used [0x00000000d5700000,0x00000000d5700000,0x00000000d5880000)
 ParOldGen       total 211968K, used 158135K [0x0000000080000000, 0x000000008cf00000, 0x00000000d5580000)
  object space 211968K, 74% used [0x0000000080000000,0x0000000089a6ddd0,0x000000008cf00000)
 Metaspace       used 75307K, committed 76800K, reserved 1179648K
  class space    used 7682K, committed 8320K, reserved 1048576K
}
Event: 36645.287 GC heap after
{Heap after GC invocations=481 (full 4):
 PSYoungGen      total 3072K, used 1155K [0x00000000d5580000, 0x00000000d5a00000, 0x0000000100000000)
  eden space 1536K, 0% used [0x00000000d5580000,0x00000000d5580000,0x00000000d5700000)
  from space 1536K, 75% used [0x00000000d5700000,0x00000000d5820c38,0x00000000d5880000)
  to   space 1536K, 0% used [0x00000000d5880000,0x00000000d5880000,0x00000000d5a00000)
 ParOldGen       total 211968K, used 158636K [0x0000000080000000, 0x000000008cf00000, 0x00000000d5580000)
  object space 211968K, 74% used [0x0000000080000000,0x0000000089aeb360,0x000000008cf00000)
 Metaspace       used 75307K, committed 76800K, reserved 1179648K
  class space    used 7682K, committed 8320K, reserved 1048576K
}
Event: 36645.453 GC heap before
{Heap before GC invocations=482 (full 4):
 PSYoungGen      total 3072K, used 2691K [0x00000000d5580000, 0x00000000d5a00000, 0x0000000100000000)
  eden space 1536K, 100% used [0x00000000d5580000,0x00000000d5700000,0x00000000d5700000)
  from space 1536K, 75% used [0x00000000d5700000,0x00000000d5820c38,0x00000000d5880000)
  to   space 1536K, 0% used [0x00000000d5880000,0x00000000d5880000,0x00000000d5a00000)
 ParOldGen       total 211968K, used 158636K [0x0000000080000000, 0x000000008cf00000, 0x00000000d5580000)
  object space 211968K, 74% used [0x0000000080000000,0x0000000089aeb360,0x000000008cf00000)
 Metaspace       used 75307K, committed 76800K, reserved 1179648K
  class space    used 7682K, committed 8320K, reserved 1048576K
}
Event: 36645.467 GC heap after
{Heap after GC invocations=482 (full 4):
 PSYoungGen      total 3072K, used 1372K [0x00000000d5580000, 0x00000000d5a00000, 0x0000000100000000)
  eden space 1536K, 0% used [0x00000000d5580000,0x00000000d5580000,0x00000000d5700000)
  from space 1536K, 89% used [0x00000000d5880000,0x00000000d59d72b8,0x00000000d5a00000)
  to   space 1536K, 0% used [0x00000000d5700000,0x00000000d5700000,0x00000000d5880000)
 ParOldGen       total 211968K, used 159767K [0x0000000080000000, 0x000000008cf00000, 0x00000000d5580000)
  object space 211968K, 75% used [0x0000000080000000,0x0000000089c05e70,0x000000008cf00000)
 Metaspace       used 75307K, committed 76800K, reserved 1179648K
  class space    used 7682K, committed 8320K, reserved 1048576K
}
Event: 36645.589 GC heap before
{Heap before GC invocations=483 (full 4):
 PSYoungGen      total 3072K, used 2856K [0x00000000d5580000, 0x00000000d5a00000, 0x0000000100000000)
  eden space 1536K, 96% used [0x00000000d5580000,0x00000000d56f3110,0x00000000d5700000)
  from space 1536K, 89% used [0x00000000d5880000,0x00000000d59d72b8,0x00000000d5a00000)
  to   space 1536K, 0% used [0x00000000d5700000,0x00000000d5700000,0x00000000d5880000)
 ParOldGen       total 211968K, used 159767K [0x0000000080000000, 0x000000008cf00000, 0x00000000d5580000)
  object space 211968K, 75% used [0x0000000080000000,0x0000000089c05e70,0x000000008cf00000)
 Metaspace       used 75307K, committed 76800K, reserved 1179648K
  class space    used 7682K, committed 8320K, reserved 1048576K
}
Event: 36645.598 GC heap after
{Heap after GC invocations=483 (full 4):
 PSYoungGen      total 3072K, used 1168K [0x00000000d5580000, 0x00000000d5a00000, 0x0000000100000000)
  eden space 1536K, 0% used [0x00000000d5580000,0x00000000d5580000,0x00000000d5700000)
  from space 1536K, 76% used [0x00000000d5700000,0x00000000d5824210,0x00000000d5880000)
  to   space 1536K, 0% used [0x00000000d5880000,0x00000000d5880000,0x00000000d5a00000)
 ParOldGen       total 211968K, used 161112K [0x0000000080000000, 0x000000008cf00000, 0x00000000d5580000)
  object space 211968K, 76% used [0x0000000080000000,0x0000000089d56110,0x000000008cf00000)
 Metaspace       used 75307K, committed 76800K, reserved 1179648K
  class space    used 7682K, committed 8320K, reserved 1048576K
}
Event: 36645.819 GC heap before
{Heap before GC invocations=484 (full 4):
 PSYoungGen      total 3072K, used 2675K [0x00000000d5580000, 0x00000000d5a00000, 0x0000000100000000)
  eden space 1536K, 98% used [0x00000000d5580000,0x00000000d56f8a90,0x00000000d5700000)
  from space 1536K, 76% used [0x00000000d5700000,0x00000000d5824210,0x00000000d5880000)
  to   space 1536K, 0% used [0x00000000d5880000,0x00000000d5880000,0x00000000d5a00000)
 ParOldGen       total 211968K, used 161112K [0x0000000080000000, 0x000000008cf00000, 0x00000000d5580000)
  object space 211968K, 76% used [0x0000000080000000,0x0000000089d56110,0x000000008cf00000)
 Metaspace       used 75307K, committed 76800K, reserved 1179648K
  class space    used 7682K, committed 8320K, reserved 1048576K
}
Event: 36645.826 GC heap after
{Heap after GC invocations=484 (full 4):
 PSYoungGen      total 3072K, used 1192K [0x00000000d5580000, 0x00000000d5a00000, 0x0000000100000000)
  eden space 1536K, 0% used [0x00000000d5580000,0x00000000d5580000,0x00000000d5700000)
  from space 1536K, 77% used [0x00000000d5880000,0x00000000d59aa1f8,0x00000000d5a00000)
  to   space 1536K, 0% used [0x00000000d5700000,0x00000000d5700000,0x00000000d5880000)
 ParOldGen       total 211968K, used 162248K [0x0000000080000000, 0x000000008cf00000, 0x00000000d5580000)
  object space 211968K, 76% used [0x0000000080000000,0x0000000089e72228,0x000000008cf00000)
 Metaspace       used 75307K, committed 76800K, reserved 1179648K
  class space    used 7682K, committed 8320K, reserved 1048576K
}
Event: 36646.076 GC heap before
{Heap before GC invocations=485 (full 4):
 PSYoungGen      total 3072K, used 2728K [0x00000000d5580000, 0x00000000d5a00000, 0x0000000100000000)
  eden space 1536K, 100% used [0x00000000d5580000,0x00000000d5700000,0x00000000d5700000)
  from space 1536K, 77% used [0x00000000d5880000,0x00000000d59aa1f8,0x00000000d5a00000)
  to   space 1536K, 0% used [0x00000000d5700000,0x00000000d5700000,0x00000000d5880000)
 ParOldGen       total 211968K, used 162248K [0x0000000080000000, 0x000000008cf00000, 0x00000000d5580000)
  object space 211968K, 76% used [0x0000000080000000,0x0000000089e72228,0x000000008cf00000)
 Metaspace       used 75307K, committed 76800K, reserved 1179648K
  class space    used 7682K, committed 8320K, reserved 1048576K
}
Event: 36646.084 GC heap after
{Heap after GC invocations=485 (full 4):
 PSYoungGen      total 3072K, used 1237K [0x00000000d5580000, 0x00000000d5a00000, 0x0000000100000000)
  eden space 1536K, 0% used [0x00000000d5580000,0x00000000d5580000,0x00000000d5700000)
  from space 1536K, 80% used [0x00000000d5700000,0x00000000d5835600,0x00000000d5880000)
  to   space 1536K, 0% used [0x00000000d5880000,0x00000000d5880000,0x00000000d5a00000)
 ParOldGen       total 211968K, used 163401K [0x0000000080000000, 0x000000008cf00000, 0x00000000d5580000)
  object space 211968K, 77% used [0x0000000080000000,0x0000000089f925b8,0x000000008cf00000)
 Metaspace       used 75307K, committed 76800K, reserved 1179648K
  class space    used 7682K, committed 8320K, reserved 1048576K
}
Event: 36649.611 GC heap before
{Heap before GC invocations=486 (full 4):
 PSYoungGen      total 3072K, used 2773K [0x00000000d5580000, 0x00000000d5a00000, 0x0000000100000000)
  eden space 1536K, 100% used [0x00000000d5580000,0x00000000d5700000,0x00000000d5700000)
  from space 1536K, 80% used [0x00000000d5700000,0x00000000d5835600,0x00000000d5880000)
  to   space 1536K, 0% used [0x00000000d5880000,0x00000000d5880000,0x00000000d5a00000)
 ParOldGen       total 211968K, used 163401K [0x0000000080000000, 0x000000008cf00000, 0x00000000d5580000)
  object space 211968K, 77% used [0x0000000080000000,0x0000000089f925b8,0x000000008cf00000)
 Metaspace       used 75381K, committed 76864K, reserved 1179648K
  class space    used 7702K, committed 8320K, reserved 1048576K
}
Event: 36649.620 GC heap after
{Heap after GC invocations=486 (full 4):
 PSYoungGen      total 2560K, used 803K [0x00000000d5580000, 0x00000000d5980000, 0x0000000100000000)
  eden space 1536K, 0% used [0x00000000d5580000,0x00000000d5580000,0x00000000d5700000)
  from space 1024K, 78% used [0x00000000d5880000,0x00000000d5948ea8,0x00000000d5980000)
  to   space 1024K, 0% used [0x00000000d5780000,0x00000000d5780000,0x00000000d5880000)
 ParOldGen       total 211968K, used 164587K [0x0000000080000000, 0x000000008cf00000, 0x00000000d5580000)
  object space 211968K, 77% used [0x0000000080000000,0x000000008a0bad50,0x000000008cf00000)
 Metaspace       used 75381K, committed 76864K, reserved 1179648K
  class space    used 7702K, committed 8320K, reserved 1048576K
}
Event: 52634.693 GC heap before
{Heap before GC invocations=487 (full 4):
 PSYoungGen      total 2560K, used 2339K [0x00000000d5580000, 0x00000000d5980000, 0x0000000100000000)
  eden space 1536K, 100% used [0x00000000d5580000,0x00000000d5700000,0x00000000d5700000)
  from space 1024K, 78% used [0x00000000d5880000,0x00000000d5948ea8,0x00000000d5980000)
  to   space 1024K, 0% used [0x00000000d5780000,0x00000000d5780000,0x00000000d5880000)
 ParOldGen       total 211968K, used 164587K [0x0000000080000000, 0x000000008cf00000, 0x00000000d5580000)
  object space 211968K, 77% used [0x0000000080000000,0x000000008a0bad50,0x000000008cf00000)
 Metaspace       used 75397K, committed 76864K, reserved 1179648K
  class space    used 7702K, committed 8320K, reserved 1048576K
}
Event: 52634.950 GC heap after
{Heap after GC invocations=487 (full 4):
 PSYoungGen      total 2048K, used 320K [0x00000000d5580000, 0x00000000d5900000, 0x0000000100000000)
  eden space 1536K, 0% used [0x00000000d5580000,0x00000000d5580000,0x00000000d5700000)
  from space 512K, 62% used [0x00000000d5780000,0x00000000d57d0000,0x00000000d5800000)
  to   space 1024K, 0% used [0x00000000d5800000,0x00000000d5800000,0x00000000d5900000)
 ParOldGen       total 211968K, used 165171K [0x0000000080000000, 0x000000008cf00000, 0x00000000d5580000)
  object space 211968K, 77% used [0x0000000080000000,0x000000008a14cd50,0x000000008cf00000)
 Metaspace       used 75397K, committed 76864K, reserved 1179648K
  class space    used 7702K, committed 8320K, reserved 1048576K
}

Dll operation events (12 events):
Event: 0.041 Loaded shared library c:\Users\Admin\.vscode\extensions\redhat.java-1.54.0-win32-x64\jre\21.0.10-win32-x86_64\bin\java.dll
Event: 1.143 Loaded shared library c:\Users\Admin\.vscode\extensions\redhat.java-1.54.0-win32-x64\jre\21.0.10-win32-x86_64\bin\zip.dll
Event: 1.278 Loaded shared library C:\Users\Admin\.vscode\extensions\redhat.java-1.54.0-win32-x64\jre\21.0.10-win32-x86_64\bin\instrument.dll
Event: 1.286 Loaded shared library C:\Users\Admin\.vscode\extensions\redhat.java-1.54.0-win32-x64\jre\21.0.10-win32-x86_64\bin\net.dll
Event: 1.387 Loaded shared library C:\Users\Admin\.vscode\extensions\redhat.java-1.54.0-win32-x64\jre\21.0.10-win32-x86_64\bin\nio.dll
Event: 1.409 Loaded shared library C:\Users\Admin\.vscode\extensions\redhat.java-1.54.0-win32-x64\jre\21.0.10-win32-x86_64\bin\zip.dll
Event: 1.489 Loaded shared library C:\Users\Admin\.vscode\extensions\redhat.java-1.54.0-win32-x64\jre\21.0.10-win32-x86_64\bin\jimage.dll
Event: 1.895 Loaded shared library c:\Users\Admin\.vscode\extensions\redhat.java-1.54.0-win32-x64\jre\21.0.10-win32-x86_64\bin\verify.dll
Event: 46.220 Loaded shared library C:\Users\Admin\AppData\Roaming\Code\User\globalStorage\redhat.java\1.54.0\config_win\org.eclipse.equinox.launcher\org.eclipse.equinox.launcher.win32.win32.x86_64_1.3.0.v20260203-2149\eclipse_11919.dll
Event: 84.308 Loaded shared library C:\Users\Admin\AppData\Local\Temp\jna-63116079\jna17866298469042623115.dll
Event: 94.306 Loaded shared library C:\Users\Admin\.vscode\extensions\redhat.java-1.54.0-win32-x64\jre\21.0.10-win32-x86_64\bin\sunmscapi.dll
Event: 96.255 Loaded shared library C:\Users\Admin\.vscode\extensions\redhat.java-1.54.0-win32-x64\jre\21.0.10-win32-x86_64\bin\extnet.dll

Deoptimization events (20 events):
Event: 36649.265 Thread 0x000001e9fd523980 Uncommon trap: trap_request=0xffffffc6 fr.pc=0x000001e9ec603ca0 relative=0x0000000000003220
Event: 36649.266 Thread 0x000001e9fd523980 Uncommon trap: reason=bimorphic_or_optimized_type_check action=maybe_recompile pc=0x000001e9ec603ca0 method=org.eclipse.jdt.internal.compiler.lookup.PackageBinding.hasCompilationUnit(Z)Z @ 93 c2
Event: 36649.269 Thread 0x000001e9fd523980 DEOPT PACKING pc=0x000001e9ec603ca0 sp=0x0000002537dfe310
Event: 36649.269 Thread 0x000001e9fd523980 DEOPT UNPACKING pc=0x000001e9eb3f3aa2 sp=0x0000002537dfe2d8 mode 2
Event: 36649.292 Thread 0x000001e9fd523980 Uncommon trap: trap_request=0xffffffc6 fr.pc=0x000001e9ec603ca0 relative=0x0000000000003220
Event: 36649.292 Thread 0x000001e9fd523980 Uncommon trap: reason=bimorphic_or_optimized_type_check action=maybe_recompile pc=0x000001e9ec603ca0 method=org.eclipse.jdt.internal.compiler.lookup.PackageBinding.hasCompilationUnit(Z)Z @ 93 c2
Event: 36649.292 Thread 0x000001e9fd523980 DEOPT PACKING pc=0x000001e9ec603ca0 sp=0x0000002537dfe310
Event: 36649.293 Thread 0x000001e9fd523980 DEOPT UNPACKING pc=0x000001e9eb3f3aa2 sp=0x0000002537dfe2d8 mode 2
Event: 36649.295 Thread 0x000001e9fd523980 Uncommon trap: trap_request=0xffffffc6 fr.pc=0x000001e9ec603ca0 relative=0x0000000000003220
Event: 36649.295 Thread 0x000001e9fd523980 Uncommon trap: reason=bimorphic_or_optimized_type_check action=maybe_recompile pc=0x000001e9ec603ca0 method=org.eclipse.jdt.internal.compiler.lookup.PackageBinding.hasCompilationUnit(Z)Z @ 93 c2
Event: 36649.295 Thread 0x000001e9fd523980 DEOPT PACKING pc=0x000001e9ec603ca0 sp=0x0000002537dfe310
Event: 36649.295 Thread 0x000001e9fd523980 DEOPT UNPACKING pc=0x000001e9eb3f3aa2 sp=0x0000002537dfe2d8 mode 2
Event: 36649.672 Thread 0x000001e9fd523980 Uncommon trap: trap_request=0xffffffc6 fr.pc=0x000001e9ec603ca0 relative=0x0000000000003220
Event: 36649.672 Thread 0x000001e9fd523980 Uncommon trap: reason=bimorphic_or_optimized_type_check action=maybe_recompile pc=0x000001e9ec603ca0 method=org.eclipse.jdt.internal.compiler.lookup.PackageBinding.hasCompilationUnit(Z)Z @ 93 c2
Event: 36649.672 Thread 0x000001e9fd523980 DEOPT PACKING pc=0x000001e9ec603ca0 sp=0x0000002537dfd620
Event: 36649.672 Thread 0x000001e9fd523980 DEOPT UNPACKING pc=0x000001e9eb3f3aa2 sp=0x0000002537dfd5e8 mode 2
Event: 36649.774 Thread 0x000001e9fd523980 Uncommon trap: trap_request=0xffffff45 fr.pc=0x000001e9ec51c648 relative=0x0000000000000188
Event: 36649.774 Thread 0x000001e9fd523980 Uncommon trap: reason=unstable_if action=reinterpret pc=0x000001e9ec51c648 method=lombok.eclipse.EclipseAST.rebuild(Z)V @ 30 c2
Event: 36649.774 Thread 0x000001e9fd523980 DEOPT PACKING pc=0x000001e9ec51c648 sp=0x0000002537dfd9e0
Event: 36649.774 Thread 0x000001e9fd523980 DEOPT UNPACKING pc=0x000001e9eb3f3aa2 sp=0x0000002537dfd960 mode 2

Classes loaded (20 events):
Event: 7504.898 Loading class java/nio/file/attribute/PosixFileAttributes
Event: 7504.899 Loading class java/nio/file/attribute/PosixFileAttributes done
Event: 7537.373 Loading class jdk/internal/module/IllegalAccessLogger
Event: 7537.373 Loading class jdk/internal/module/IllegalAccessLogger done
Event: 7761.388 Loading class java/util/stream/Nodes$CollectorTask$OfRef
Event: 7761.390 Loading class java/util/stream/Nodes$CollectorTask
Event: 7761.392 Loading class java/util/stream/Nodes$CollectorTask done
Event: 7761.393 Loading class java/util/stream/Nodes$CollectorTask$OfRef done
Event: 7761.399 Loading class java/util/function/LongFunction
Event: 7761.400 Loading class java/util/function/LongFunction done
Event: 7761.401 Loading class java/util/stream/Nodes$ConcNode
Event: 7761.401 Loading class java/util/stream/Nodes$AbstractConcNode
Event: 7761.403 Loading class java/util/stream/Nodes$AbstractConcNode done
Event: 7761.403 Loading class java/util/stream/Nodes$ConcNode done
Event: 7761.454 Loading class java/io/ObjectOutputStream$BlockDataOutputStream
Event: 7761.455 Loading class java/io/ObjectOutputStream$BlockDataOutputStream done
Event: 7761.456 Loading class java/io/ObjectOutputStream$HandleTable
Event: 7761.456 Loading class java/io/ObjectOutputStream$HandleTable done
Event: 7761.456 Loading class java/io/ObjectOutputStream$ReplaceTable
Event: 7761.456 Loading class java/io/ObjectOutputStream$ReplaceTable done

Classes unloaded (20 events):
Event: 7503.370 Thread 0x000001e9e0d27350 Unloading class 0x000001e981014800 'java/lang/invoke/LambdaForm$MH+0x000001e981014800'
Event: 7503.370 Thread 0x000001e9e0d27350 Unloading class 0x000001e98100d800 'java/lang/invoke/LambdaForm$MH+0x000001e98100d800'
Event: 7503.371 Thread 0x000001e9e0d27350 Unloading class 0x000001e98100d400 'java/lang/invoke/LambdaForm$MH+0x000001e98100d400'
Event: 7503.371 Thread 0x000001e9e0d27350 Unloading class 0x000001e98100d000 'java/lang/invoke/LambdaForm$MH+0x000001e98100d000'
Event: 7503.371 Thread 0x000001e9e0d27350 Unloading class 0x000001e98100cc00 'java/lang/invoke/LambdaForm$MH+0x000001e98100cc00'
Event: 7503.371 Thread 0x000001e9e0d27350 Unloading class 0x000001e98100c800 'java/lang/invoke/LambdaForm$BMH+0x000001e98100c800'
Event: 7503.371 Thread 0x000001e9e0d27350 Unloading class 0x000001e98100c000 'java/lang/invoke/LambdaForm$DMH+0x000001e98100c000'
Event: 7503.371 Thread 0x000001e9e0d27350 Unloading class 0x000001e981008c00 'java/lang/invoke/LambdaForm$MH+0x000001e981008c00'
Event: 7503.371 Thread 0x000001e9e0d27350 Unloading class 0x000001e981008800 'java/lang/invoke/LambdaForm$MH+0x000001e981008800'
Event: 7503.371 Thread 0x000001e9e0d27350 Unloading class 0x000001e981008400 'java/lang/invoke/LambdaForm$MH+0x000001e981008400'
Event: 7503.371 Thread 0x000001e9e0d27350 Unloading class 0x000001e981007000 'java/lang/invoke/LambdaForm$MH+0x000001e981007000'
Event: 7503.371 Thread 0x000001e9e0d27350 Unloading class 0x000001e981006800 'java/lang/invoke/LambdaForm$MH+0x000001e981006800'
Event: 7503.371 Thread 0x000001e9e0d27350 Unloading class 0x000001e981006400 'java/lang/invoke/LambdaForm$MH+0x000001e981006400'
Event: 7503.371 Thread 0x000001e9e0d27350 Unloading class 0x000001e981006000 'java/lang/invoke/LambdaForm$MH+0x000001e981006000'
Event: 7503.371 Thread 0x000001e9e0d27350 Unloading class 0x000001e981005c00 'java/lang/invoke/LambdaForm$BMH+0x000001e981005c00'
Event: 7503.371 Thread 0x000001e9e0d27350 Unloading class 0x000001e981004800 'java/lang/invoke/LambdaForm$DMH+0x000001e981004800'
Event: 7503.371 Thread 0x000001e9e0d27350 Unloading class 0x000001e981002800 'java/lang/invoke/LambdaForm$MH+0x000001e981002800'
Event: 7503.371 Thread 0x000001e9e0d27350 Unloading class 0x000001e981002400 'java/lang/invoke/LambdaForm$MH+0x000001e981002400'
Event: 7503.371 Thread 0x000001e9e0d27350 Unloading class 0x000001e981002000 'java/lang/invoke/LambdaForm$MH+0x000001e981002000'
Event: 7503.371 Thread 0x000001e9e0d27350 Unloading class 0x000001e981001800 'java/lang/invoke/LambdaForm$MH+0x000001e981001800'

Classes redefined (0 events):
No events

Internal exceptions (20 events):
Event: 7505.009 Thread 0x000001e9fddc5cd0 Exception <a 'sun/nio/fs/WindowsException'{0x00000000d5638c70}> (0x00000000d5638c70) 
thrown [s\src\hotspot\share\prims\jni.cpp, line 520]
Event: 7505.011 Thread 0x000001e9fddc5cd0 Exception <a 'sun/nio/fs/WindowsException'{0x00000000d563a588}> (0x00000000d563a588) 
thrown [s\src\hotspot\share\prims\jni.cpp, line 520]
Event: 7505.015 Thread 0x000001e9fddc5cd0 Exception <a 'sun/nio/fs/WindowsException'{0x00000000d563c150}> (0x00000000d563c150) 
thrown [s\src\hotspot\share\prims\jni.cpp, line 520]
Event: 7505.019 Thread 0x000001e9fddc5cd0 Exception <a 'sun/nio/fs/WindowsException'{0x00000000d563d9a0}> (0x00000000d563d9a0) 
thrown [s\src\hotspot\share\prims\jni.cpp, line 520]
Event: 7505.023 Thread 0x000001e9fddc5cd0 Exception <a 'sun/nio/fs/WindowsException'{0x00000000d563f1c8}> (0x00000000d563f1c8) 
thrown [s\src\hotspot\share\prims\jni.cpp, line 520]
Event: 7505.026 Thread 0x000001e9fddc5cd0 Exception <a 'sun/nio/fs/WindowsException'{0x00000000d5640aa8}> (0x00000000d5640aa8) 
thrown [s\src\hotspot\share\prims\jni.cpp, line 520]
Event: 7505.028 Thread 0x000001e9fddc5cd0 Exception <a 'sun/nio/fs/WindowsException'{0x00000000d56423c8}> (0x00000000d56423c8) 
thrown [s\src\hotspot\share\prims\jni.cpp, line 520]
Event: 7537.270 Thread 0x000001e9fd524010 Exception <a 'sun/nio/fs/WindowsException'{0x00000000d5623278}> (0x00000000d5623278) 
thrown [s\src\hotspot\share\prims\jni.cpp, line 520]
Event: 7537.736 Thread 0x000001e9fd524010 Exception <a 'sun/nio/fs/WindowsException'{0x00000000d5668cb0}> (0x00000000d5668cb0) 
thrown [s\src\hotspot\share\prims\jni.cpp, line 520]
Event: 7540.492 Thread 0x000001e9fddc5cd0 Implicit null exception at 0x000001e9ebc912ab to 0x000001e9ebc92e54
Event: 7761.435 Thread 0x000001e9fd526e00 Exception <a 'sun/nio/fs/WindowsException'{0x00000000d56f6070}> (0x00000000d56f6070) 
thrown [s\src\hotspot\share\prims\jni.cpp, line 520]
Event: 7761.435 Thread 0x000001e9fd526e00 Exception <a 'sun/nio/fs/WindowsException'{0x00000000d56f6de8}> (0x00000000d56f6de8) 
thrown [s\src\hotspot\share\prims\jni.cpp, line 520]
Event: 7761.437 Thread 0x000001e9fd526e00 Implicit null exception at 0x000001e9ebdae089 to 0x000001e9ebdae42c
Event: 7761.543 Thread 0x000001e9fd526e00 Exception <a 'java/lang/NoSuchMethodError'{0x00000000d56b4550}: static Lorg/eclipse/m2e/core/internal/lifecyclemapping/model/PluginExecutionMetadata;.<clinit>()V> (0x00000000d56b4550) 
thrown [s\src\hotspot\share\prims\jni.cpp, line 1111]
Event: 7761.545 Thread 0x000001e9fd526e00 Exception <a 'java/lang/NoSuchMethodError'{0x00000000d56d92d8}: static Lorg/eclipse/m2e/core/internal/lifecyclemapping/model/PluginExecutionFilter;.<clinit>()V> (0x00000000d56d92d8) 
thrown [s\src\hotspot\share\prims\jni.cpp, line 1111]
Event: 7761.547 Thread 0x000001e9fd526e00 Exception <a 'java/lang/NoSuchMethodError'{0x00000000d56ef6f8}: static Lorg/eclipse/m2e/core/internal/project/registry/MavenProjectFacade$MavenProjectConfiguration;.<clinit>()V> (0x00000000d56ef6f8) 
thrown [s\src\hotspot\share\prims\jni.cpp, line 1111]
Event: 7761.549 Thread 0x000001e9fd526e00 Exception <a 'java/lang/NoSuchMethodError'{0x00000000d570cf50}: static [J.<clinit>()V> (0x00000000d570cf50) 
thrown [s\src\hotspot\share\prims\jni.cpp, line 1111]
Event: 7761.564 Thread 0x000001e9fd526e00 Exception <a 'java/lang/NoSuchMethodError'{0x00000000d574c890}: 'java.lang.Object java.lang.invoke.DirectMethodHandle$Holder.newInvokeSpecial(java.lang.Object, java.lang.Object, java.lang.Object, java.lang.Object, java.lang.Object, java.lang.Object, java.lang.Object, java.lang.Object)'> (0x00000000d574c890) 
thrown [s\src\hotspot\share\interpreter\linkResolver.cpp, line 773]
Event: 36644.916 Thread 0x000001e9fd523980 Exception <a 'java/lang/IncompatibleClassChangeError'{0x00000000d5734ca8}: Found class java.lang.Object, but interface was expected> (0x00000000d5734ca8) 
thrown [s\src\hotspot\share\interpreter\linkResolver.cpp, line 840]
Event: 67254.136 Thread 0x000001e9f8d2f1a0 Exception <a 'java/lang/IncompatibleClassChangeError'{0x00000000d56059f8}: Found class java.lang.Object, but interface was expected> (0x00000000d56059f8) 
thrown [s\src\hotspot\share\interpreter\linkResolver.cpp, line 840]

ZGC Phase Switch (0 events):
No events

VM Operations (20 events):
Event: 68866.536 Executing non-safepoint VM operation: RendezvousGCThreads
Event: 68866.536 Executing non-safepoint VM operation: RendezvousGCThreads done
Event: 68986.774 Executing non-safepoint VM operation: HandshakeAllThreads (HandshakeForDeflation)
Event: 68986.776 Executing non-safepoint VM operation: HandshakeAllThreads (HandshakeForDeflation) done
Event: 68986.777 Executing non-safepoint VM operation: RendezvousGCThreads
Event: 68986.777 Executing non-safepoint VM operation: RendezvousGCThreads done
Event: 69047.000 Executing non-safepoint VM operation: HandshakeAllThreads (HandshakeForDeflation)
Event: 69047.000 Executing non-safepoint VM operation: HandshakeAllThreads (HandshakeForDeflation) done
Event: 69047.000 Executing non-safepoint VM operation: RendezvousGCThreads
Event: 69047.000 Executing non-safepoint VM operation: RendezvousGCThreads done
Event: 69754.191 Executing safepoint VM operation: Cleanup
Event: 69754.191 Executing safepoint VM operation: Cleanup done
Event: 69768.916 Executing non-safepoint VM operation: HandshakeAllThreads (HandshakeForDeflation)
Event: 69768.918 Executing non-safepoint VM operation: HandshakeAllThreads (HandshakeForDeflation) done
Event: 69768.918 Executing non-safepoint VM operation: RendezvousGCThreads
Event: 69768.918 Executing non-safepoint VM operation: RendezvousGCThreads done
Event: 69829.105 Executing non-safepoint VM operation: HandshakeAllThreads (HandshakeForDeflation)
Event: 69829.107 Executing non-safepoint VM operation: HandshakeAllThreads (HandshakeForDeflation) done
Event: 69829.107 Executing non-safepoint VM operation: RendezvousGCThreads
Event: 69829.107 Executing non-safepoint VM operation: RendezvousGCThreads done

Memory protections (0 events):
No events

Nmethod flushes (20 events):
Event: 7503.632 Thread 0x000001e9e0d27350 flushing  nmethod 0x000001e9e4d7c390
Event: 7503.632 Thread 0x000001e9e0d27350 flushing  nmethod 0x000001e9e4d7d210
Event: 7503.632 Thread 0x000001e9e0d27350 flushing  nmethod 0x000001e9e4d80890
Event: 7503.632 Thread 0x000001e9e0d27350 flushing  nmethod 0x000001e9e4d81790
Event: 7503.632 Thread 0x000001e9e0d27350 flushing  nmethod 0x000001e9e4d82710
Event: 7503.632 Thread 0x000001e9e0d27350 flushing  nmethod 0x000001e9e4d82e90
Event: 7503.632 Thread 0x000001e9e0d27350 flushing  nmethod 0x000001e9e4d83210
Event: 7503.632 Thread 0x000001e9e0d27350 flushing  nmethod 0x000001e9e4d83f90
Event: 7503.632 Thread 0x000001e9e0d27350 flushing  nmethod 0x000001e9e4d84390
Event: 7503.632 Thread 0x000001e9e0d27350 flushing  nmethod 0x000001e9e4d84d90
Event: 7503.632 Thread 0x000001e9e0d27350 flushing  nmethod 0x000001e9e4d86290
Event: 7503.632 Thread 0x000001e9e0d27350 flushing  nmethod 0x000001e9e4d90590
Event: 7503.632 Thread 0x000001e9e0d27350 flushing  nmethod 0x000001e9e4da8390
Event: 7503.632 Thread 0x000001e9e0d27350 flushing  nmethod 0x000001e9e4dc7c10
Event: 7503.632 Thread 0x000001e9e0d27350 flushing  nmethod 0x000001e9e4e12710
Event: 7503.632 Thread 0x000001e9e0d27350 flushing  nmethod 0x000001e9e4e42610
Event: 7503.632 Thread 0x000001e9e0d27350 flushing  nmethod 0x000001e9e4e7df10
Event: 7503.632 Thread 0x000001e9e0d27350 flushing  nmethod 0x000001e9e4e9a390
Event: 7503.632 Thread 0x000001e9e0d27350 flushing  nmethod 0x000001e9e4ee6410
Event: 7503.632 Thread 0x000001e9e0d27350 flushing  nmethod 0x000001e9e4f0a510

Events (20 events):
Event: 7722.023 Thread 0x000001e9caad5850 Thread exited: 0x000001e9caad5850
Event: 7724.821 Thread 0x000001e9fddc3c00 Thread exited: 0x000001e9fddc3c00
Event: 7761.381 Thread 0x000001e9fd526e00 Thread added: 0x000001e9fd526770
Event: 7761.404 Thread 0x000001e9fd526770 Thread exited: 0x000001e9fd526770
Event: 7761.442 Thread 0x000001e9fd526e00 Thread added: 0x000001e9fd526770
Event: 7761.445 Thread 0x000001e9fd526770 Thread exited: 0x000001e9fd526770
Event: 7761.559 Thread 0x000001e9f76d9c60 Thread added: 0x000001e9caad5850
Event: 7761.706 Thread 0x000001e9fddc5cd0 Thread added: 0x000001e9fd526770
Event: 7766.868 Thread 0x000001e9caad5850 Thread exited: 0x000001e9caad5850
Event: 7801.978 Thread 0x000001e9fddc8430 Thread exited: 0x000001e9fddc8430
Event: 7801.993 Thread 0x000001e9fddc7da0 Thread exited: 0x000001e9fddc7da0
Event: 7821.708 Thread 0x000001e9fd526770 Thread exited: 0x000001e9fd526770
Event: 7837.282 Thread 0x000001e9fddc69f0 Thread exited: 0x000001e9fddc69f0
Event: 7837.539 Thread 0x000001e9fddc21c0 Thread exited: 0x000001e9fddc21c0
Event: 36641.955 Thread 0x000001e9f8d2f1a0 Thread added: 0x000001e9fd523980
Event: 36642.802 Thread 0x000001e9fd523980 Thread added: 0x000001e9fd526770
Event: 36642.804 Thread 0x000001e9fd523980 Thread added: 0x000001e9fddc21c0
Event: 36710.332 Thread 0x000001e9fd523980 Thread exited: 0x000001e9fd523980
Event: 36770.333 Thread 0x000001e9fd526770 Thread exited: 0x000001e9fd526770
Event: 36830.349 Thread 0x000001e9fddc21c0 Thread exited: 0x000001e9fddc21c0


Dynamic libraries:
0x00007ff633600000 - 0x00007ff63360e000 	c:\Users\Admin\.vscode\extensions\redhat.java-1.54.0-win32-x64\jre\21.0.10-win32-x86_64\bin\java.exe
0x00007ffc3b170000 - 0x00007ffc3b369000 	C:\Windows\SYSTEM32\ntdll.dll
0x00007ffc39550000 - 0x00007ffc39612000 	C:\Windows\System32\KERNEL32.DLL
0x00007ffc38d10000 - 0x00007ffc39007000 	C:\Windows\System32\KERNELBASE.dll
0x00007ffc31e30000 - 0x00007ffc31ec4000 	C:\Windows\SYSTEM32\apphelp.dll
0x00007ffc39040000 - 0x00007ffc39140000 	C:\Windows\System32\ucrtbase.dll
0x00007ffc12480000 - 0x00007ffc12498000 	c:\Users\Admin\.vscode\extensions\redhat.java-1.54.0-win32-x64\jre\21.0.10-win32-x86_64\bin\jli.dll
0x00007ffc3a500000 - 0x00007ffc3a69d000 	C:\Windows\System32\USER32.dll
0x00007ffc39010000 - 0x00007ffc39032000 	C:\Windows\System32\win32u.dll
0x00007ffc3ab50000 - 0x00007ffc3ab7b000 	C:\Windows\System32\GDI32.dll
0x00007ffc387e0000 - 0x00007ffc388fa000 	C:\Windows\System32\gdi32full.dll
0x00007ffc38900000 - 0x00007ffc3899d000 	C:\Windows\System32\msvcp_win.dll
0x00007ffc12460000 - 0x00007ffc1247e000 	c:\Users\Admin\.vscode\extensions\redhat.java-1.54.0-win32-x64\jre\21.0.10-win32-x86_64\bin\VCRUNTIME140.dll
0x00007ffc22c40000 - 0x00007ffc22edb000 	C:\Windows\WinSxS\amd64_microsoft.windows.common-controls_6595b64144ccf1df_6.0.19041.6926_none_60b5a53971f8f7e6\COMCTL32.dll
0x00007ffc3aab0000 - 0x00007ffc3ab4e000 	C:\Windows\System32\msvcrt.dll
0x00007ffc3ae90000 - 0x00007ffc3aebf000 	C:\Windows\System32\IMM32.DLL
0x00007ffc21510000 - 0x00007ffc2151c000 	c:\Users\Admin\.vscode\extensions\redhat.java-1.54.0-win32-x64\jre\21.0.10-win32-x86_64\bin\vcruntime140_1.dll
0x00007ffc10310000 - 0x00007ffc1039d000 	c:\Users\Admin\.vscode\extensions\redhat.java-1.54.0-win32-x64\jre\21.0.10-win32-x86_64\bin\msvcp140.dll
0x00007ffbdce10000 - 0x00007ffbddbb1000 	c:\Users\Admin\.vscode\extensions\redhat.java-1.54.0-win32-x64\jre\21.0.10-win32-x86_64\bin\server\jvm.dll
0x00007ffc3aec0000 - 0x00007ffc3af71000 	C:\Windows\System32\ADVAPI32.dll
0x00007ffc3adf0000 - 0x00007ffc3ae8f000 	C:\Windows\System32\sechost.dll
0x00007ffc3ab80000 - 0x00007ffc3aca6000 	C:\Windows\System32\RPCRT4.dll
0x00007ffc39140000 - 0x00007ffc39167000 	C:\Windows\System32\bcrypt.dll
0x00007ffc3a490000 - 0x00007ffc3a4fb000 	C:\Windows\System32\WS2_32.dll
0x00007ffc38630000 - 0x00007ffc3867b000 	C:\Windows\SYSTEM32\POWRPROF.dll
0x00007ffc315e0000 - 0x00007ffc31607000 	C:\Windows\SYSTEM32\WINMM.dll
0x00007ffc2e9a0000 - 0x00007ffc2e9aa000 	C:\Windows\SYSTEM32\VERSION.dll
0x00007ffc38610000 - 0x00007ffc38622000 	C:\Windows\SYSTEM32\UMPDC.dll
0x00007ffc36fb0000 - 0x00007ffc36fc2000 	C:\Windows\SYSTEM32\kernel.appcore.dll
0x00007ffc208f0000 - 0x00007ffc208fa000 	c:\Users\Admin\.vscode\extensions\redhat.java-1.54.0-win32-x64\jre\21.0.10-win32-x86_64\bin\jimage.dll
0x00007ffc36380000 - 0x00007ffc36581000 	C:\Windows\SYSTEM32\DBGHELP.DLL
0x00007ffc2af50000 - 0x00007ffc2af84000 	C:\Windows\SYSTEM32\dbgcore.DLL
0x00007ffc38a70000 - 0x00007ffc38af2000 	C:\Windows\System32\bcryptPrimitives.dll
0x00007ffc203f0000 - 0x00007ffc203ff000 	c:\Users\Admin\.vscode\extensions\redhat.java-1.54.0-win32-x64\jre\21.0.10-win32-x86_64\bin\instrument.dll
0x00007ffc11f80000 - 0x00007ffc11fa0000 	c:\Users\Admin\.vscode\extensions\redhat.java-1.54.0-win32-x64\jre\21.0.10-win32-x86_64\bin\java.dll
0x00007ffc39c40000 - 0x00007ffc3a3b1000 	C:\Windows\System32\SHELL32.dll
0x00007ffc367f0000 - 0x00007ffc36f96000 	C:\Windows\SYSTEM32\windows.storage.dll
0x00007ffc3a6c0000 - 0x00007ffc3aa13000 	C:\Windows\System32\combase.dll
0x00007ffc38050000 - 0x00007ffc3807b000 	C:\Windows\SYSTEM32\Wldp.dll
0x00007ffc3ad10000 - 0x00007ffc3ade6000 	C:\Windows\System32\OLEAUT32.dll
0x00007ffc39250000 - 0x00007ffc392fd000 	C:\Windows\System32\SHCORE.dll
0x00007ffc3acb0000 - 0x00007ffc3ad0b000 	C:\Windows\System32\shlwapi.dll
0x00007ffc38710000 - 0x00007ffc38734000 	C:\Windows\SYSTEM32\profapi.dll
0x00007ffc11f60000 - 0x00007ffc11f78000 	c:\Users\Admin\.vscode\extensions\redhat.java-1.54.0-win32-x64\jre\21.0.10-win32-x86_64\bin\zip.dll
0x00007ffc1a3f0000 - 0x00007ffc1a400000 	C:\Users\Admin\.vscode\extensions\redhat.java-1.54.0-win32-x64\jre\21.0.10-win32-x86_64\bin\net.dll
0x00007ffc2c1b0000 - 0x00007ffc2c2ba000 	C:\Windows\SYSTEM32\WINHTTP.dll
0x00007ffc37e00000 - 0x00007ffc37e6a000 	C:\Windows\system32\mswsock.dll
0x00007ffc10640000 - 0x00007ffc10656000 	C:\Users\Admin\.vscode\extensions\redhat.java-1.54.0-win32-x64\jre\21.0.10-win32-x86_64\bin\nio.dll
0x00007ffc25520000 - 0x00007ffc25530000 	c:\Users\Admin\.vscode\extensions\redhat.java-1.54.0-win32-x64\jre\21.0.10-win32-x86_64\bin\verify.dll
0x00007ffc0f5f0000 - 0x00007ffc0f635000 	C:\Users\Admin\AppData\Roaming\Code\User\globalStorage\redhat.java\1.54.0\config_win\org.eclipse.equinox.launcher\org.eclipse.equinox.launcher.win32.win32.x86_64_1.3.0.v20260203-2149\eclipse_11919.dll
0x00007ffc39360000 - 0x00007ffc3948b000 	C:\Windows\System32\ole32.dll
0x00007ffc38090000 - 0x00007ffc380a8000 	C:\Windows\SYSTEM32\CRYPTSP.dll
0x00007ffc37740000 - 0x00007ffc37778000 	C:\Windows\system32\rsaenh.dll
0x00007ffc38680000 - 0x00007ffc386ae000 	C:\Windows\SYSTEM32\USERENV.dll
0x00007ffc37fc0000 - 0x00007ffc37fcc000 	C:\Windows\SYSTEM32\CRYPTBASE.dll
0x00007ffc37b00000 - 0x00007ffc37b3b000 	C:\Windows\SYSTEM32\IPHLPAPI.DLL
0x00007ffc39490000 - 0x00007ffc39498000 	C:\Windows\System32\NSI.dll
0x00007ffc0a5b0000 - 0x00007ffc0a5f9000 	C:\Users\Admin\AppData\Local\Temp\jna-63116079\jna17866298469042623115.dll
0x00007ffc3a480000 - 0x00007ffc3a488000 	C:\Windows\System32\PSAPI.DLL
0x00007ffc29b60000 - 0x00007ffc29b77000 	C:\Windows\SYSTEM32\dhcpcsvc6.DLL
0x00007ffc2b7e0000 - 0x00007ffc2b7fe000 	C:\Windows\SYSTEM32\dhcpcsvc.DLL
0x00007ffc23c50000 - 0x00007ffc23c5e000 	C:\Users\Admin\.vscode\extensions\redhat.java-1.54.0-win32-x64\jre\21.0.10-win32-x86_64\bin\sunmscapi.dll
0x00007ffc38bb0000 - 0x00007ffc38d0d000 	C:\Windows\System32\CRYPT32.dll
0x00007ffc381a0000 - 0x00007ffc381c7000 	C:\Windows\SYSTEM32\ncrypt.dll
0x00007ffc38160000 - 0x00007ffc3819b000 	C:\Windows\SYSTEM32\NTASN1.dll
0x00007ffc37b40000 - 0x00007ffc37c0b000 	C:\Windows\SYSTEM32\DNSAPI.dll
0x00007ffc23ed0000 - 0x00007ffc23eda000 	C:\Windows\System32\rasadhlp.dll
0x00007ffc24410000 - 0x00007ffc24490000 	C:\Windows\System32\fwpuclnt.dll
0x00007ffc23c40000 - 0x00007ffc23c49000 	C:\Users\Admin\.vscode\extensions\redhat.java-1.54.0-win32-x64\jre\21.0.10-win32-x86_64\bin\extnet.dll
0x00007ffc37990000 - 0x00007ffc379c3000 	C:\Windows\SYSTEM32\ntmarta.dll

JVMTI agents:
c:\Users\Admin\.vscode\extensions\redhat.java-1.54.0-win32-x64\lombok\lombok-1.18.39-4050.jar path:c:\Users\Admin\.vscode\extensions\redhat.java-1.54.0-win32-x64\jre\21.0.10-win32-x86_64\bin\instrument.dll, loaded, initialized, instrumentlib options:none

dbghelp: loaded successfully - version: 4.0.5 - missing functions: none
symbol engine: initialized successfully - sym options: 0x614 - pdb path: .;c:\Users\Admin\.vscode\extensions\redhat.java-1.54.0-win32-x64\jre\21.0.10-win32-x86_64\bin;C:\Windows\SYSTEM32;C:\Windows\WinSxS\amd64_microsoft.windows.common-controls_6595b64144ccf1df_6.0.19041.6926_none_60b5a53971f8f7e6;c:\Users\Admin\.vscode\extensions\redhat.java-1.54.0-win32-x64\jre\21.0.10-win32-x86_64\bin\server;C:\Users\Admin\AppData\Roaming\Code\User\globalStorage\redhat.java\1.54.0\config_win\org.eclipse.equinox.launcher\org.eclipse.equinox.launcher.win32.win32.x86_64_1.3.0.v20260203-2149;C:\Users\Admin\AppData\Local\Temp\jna-63116079

VM Arguments:
jvm_args: --add-modules=ALL-SYSTEM --add-opens=java.base/java.util=ALL-UNNAMED --add-opens=java.base/java.lang=ALL-UNNAMED --add-opens=java.base/sun.nio.fs=ALL-UNNAMED -Declipse.application=org.eclipse.jdt.ls.core.id1 -Dosgi.bundles.defaultStartLevel=4 -Declipse.product=org.eclipse.jdt.ls.core.product -Djava.import.generatesMetadataFilesAtProjectRoot=false -DDetectVMInstallationsJob.disabled=true -Dfile.encoding=utf8 -XX:+UseParallelGC -XX:GCTimeRatio=4 -XX:AdaptiveSizePolicyWeight=90 -Dsun.zip.disableMemoryMapping=true -Xmx2G -Xms100m -Xlog:disable -javaagent:c:\Users\Admin\.vscode\extensions\redhat.java-1.54.0-win32-x64\lombok\lombok-1.18.39-4050.jar -XX:+HeapDumpOnOutOfMemoryError -XX:HeapDumpPath=c:\Users\Admin\AppData\Roaming\Code\User\workspaceStorage\42ca9649d7bce818b9fe6d287216a057\redhat.java -Daether.dependencyCollector.impl=bf 
java_command: c:\Users\Admin\.vscode\extensions\redhat.java-1.54.0-win32-x64\server\plugins\org.eclipse.equinox.launcher_1.7.100.v20251111-0406.jar -configuration c:\Users\Admin\AppData\Roaming\Code\User\globalStorage\redhat.java\1.54.0\config_win -data c:\Users\Admin\AppData\Roaming\Code\User\workspaceStorage\42ca9649d7bce818b9fe6d287216a057\redhat.java\jdt_ws --pipe=\\.\pipe\lsp-1652a763baecd6508131b5d62f0fa58c-sock
java_class_path (initial): c:\Users\Admin\.vscode\extensions\redhat.java-1.54.0-win32-x64\server\plugins\org.eclipse.equinox.launcher_1.7.100.v20251111-0406.jar
Launcher Type: SUN_STANDARD

[Global flags]
    uintx AdaptiveSizePolicyWeight                 = 90                                        {product} {command line}
     intx CICompilerCount                          = 3                                         {product} {ergonomic}
    uintx GCTimeRatio                              = 4                                         {product} {command line}
     bool HeapDumpOnOutOfMemoryError               = true                                   {manageable} {command line}
    ccstr HeapDumpPath                             = c:\Users\Admin\AppData\Roaming\Code\User\workspaceStorage\42ca9649d7bce818b9fe6d287216a057\redhat.java         {manageable} {command line}
   size_t InitialHeapSize                          = 104857600                                 {product} {command line}
   size_t MaxHeapSize                              = 2147483648                                {product} {command line}
   size_t MaxNewSize                               = 715653120                                 {product} {ergonomic}
   size_t MinHeapDeltaBytes                        = 524288                                    {product} {ergonomic}
   size_t MinHeapSize                              = 104857600                                 {product} {command line}
   size_t NewSize                                  = 34603008                                  {product} {ergonomic}
    uintx NonNMethodCodeHeapSize                   = 5832780                                {pd product} {ergonomic}
    uintx NonProfiledCodeHeapSize                  = 122912730                              {pd product} {ergonomic}
   size_t OldSize                                  = 70254592                                  {product} {ergonomic}
    uintx ProfiledCodeHeapSize                     = 122912730                              {pd product} {ergonomic}
    uintx ReservedCodeCacheSize                    = 251658240                              {pd product} {ergonomic}
     bool SegmentedCodeCache                       = true                                      {product} {ergonomic}
   size_t SoftMaxHeapSize                          = 2147483648                             {manageable} {ergonomic}
     bool UseCompressedOops                        = true                           {product lp64_product} {ergonomic}
     bool UseLargePagesIndividualAllocation        = false                                  {pd product} {ergonomic}
     bool UseParallelGC                            = true                                      {product} {command line}

Logging:
Log output configuration:
 #0: stdout all=off uptime,level,tags foldmultilines=false
 #1: stderr all=off uptime,level,tags foldmultilines=false

Release file:
JAVA_VERSION="21.0.10" 
MODULES="java.base java.compiler java.datatransfer java.xml java.prefs java.desktop java.instrument java.logging java.management java.security.sasl java.naming java.rmi java.management.rmi java.net.http java.scripting java.security.jgss java.transaction.xa java.sql java.sql.rowset java.xml.crypto java.se java.smartcardio jdk.accessibility jdk.internal.jvmstat jdk.attach jdk.charsets jdk.internal.opt jdk.zipfs jdk.compiler jdk.crypto.ec jdk.crypto.cryptoki jdk.crypto.mscapi jdk.dynalink jdk.internal.ed jdk.editpad jdk.hotspot.agent jdk.httpserver jdk.internal.le jdk.internal.vm.ci jdk.internal.vm.compiler jdk.internal.vm.compiler.management jdk.jartool jdk.javadoc jdk.jcmd jdk.management jdk.management.agent jdk.jconsole jdk.jdeps jdk.jdwp.agent jdk.jdi jdk.jfr jdk.jshell jdk.jsobject jdk.jstatd jdk.localedata jdk.management.jfr jdk.naming.dns jdk.naming.rmi jdk.net jdk.nio.mapmode jdk.random jdk.sctp jdk.security.auth jdk.security.jgss jdk.unsupported jdk.unsupported.desktop jdk.xml.dom" 

Environment Variables:
JAVA_HOME=C:\Program Files\Java\jdk-17
PATH=C:\Windows\system32;C:\Windows;C:\Windows\System32\Wbem;C:\Windows\System32\WindowsPowerShell\v1.0\;C:\Windows\System32\OpenSSH\;C:\Program Files\dotnet\;C:\Program Files\Microchip\xc16\v2.10\bin;D:\utilities\apache-maven-3.9.2\bin;C:\Users\Admin\AppData\Roaming\nvm;C:\Program Files\nodejs;C:\Program Files\Git\cmd;C:\Program Files\GitHub CLI\;C:\Program Files\MySQL\MySQL Shell 8.0\bin\;C:\Users\Admin\AppData\Local\Programs\Python\Python310\Scripts\;C:\Users\Admin\AppData\Local\Programs\Python\Python310\;C:\Users\Admin\AppData\Local\Microsoft\WindowsApps;C:\Program Files\Java\jdk-17\bin;C:\Program Files\JetBrains\IntelliJ IDEA 2022.3.1\bin;;C:\Program Files\JetBrains\IntelliJ IDEA Community Edition 2025.2\bin;C:\Users\Admin\AppData\Roaming\nvm;C:\Program Files\nodejs;C:\Users\Admin\AppData\Local\Programs\Microsoft VS Code\bin;C:\spark\bin;C:\Users\Admin\.local\bin
USERNAME=Admin
OS=Windows_NT
PROCESSOR_IDENTIFIER=Intel64 Family 6 Model 142 Stepping 9, GenuineIntel
TMP=C:\Users\Admin\AppData\Local\Temp
TEMP=C:\Users\Admin\AppData\Local\Temp




Periodic native trim disabled

---------------  S Y S T E M  ---------------

OS:
 Windows 10 , 64 bit Build 19041 (10.0.19041.7291)
OS uptime: 7 days 6:10 hours
Hyper-V role detected

CPU: total 4 (initial active 4) (2 cores per cpu, 2 threads per core) family 6 model 142 stepping 9 microcode 0xea, cx8, cmov, fxsr, ht, mmx, 3dnowpref, sse, sse2, sse3, ssse3, sse4.1, sse4.2, popcnt, lzcnt, tsc, tscinvbit, avx, avx2, aes, erms, clmul, bmi1, bmi2, rtm, adx, fma, vzeroupper, clflush, clflushopt, hv, rdtscp, f16c
Processor Information for processor 0
  Max Mhz: 2712, Current Mhz: 1406, Mhz Limit: 2603
Processor Information for processor 1
  Max Mhz: 2712, Current Mhz: 2611, Mhz Limit: 2603
Processor Information for processor 2
  Max Mhz: 2712, Current Mhz: 1406, Mhz Limit: 2603
Processor Information for processor 3
  Max Mhz: 2712, Current Mhz: 2611, Mhz Limit: 2603

Memory: 4k page, system-wide physical 8070M (306M free)
TotalPageFile size 25707M (AvailPageFile size 7M)
current process WorkingSet (physical memory assigned to process): 12M, peak: 467M
current process commit charge ("private bytes"): 547M, peak: 551M

vm_info: OpenJDK 64-Bit Server VM (21.0.10+7-LTS) for windows-amd64 JRE (21.0.10+7-LTS), built on 2026-01-20T00:00:00Z by "admin" with MS VC++ 17.12 (VS2022)

END.
