#
# There is insufficient memory for the Java Runtime Environment to continue.
# Native memory allocation (malloc) failed to allocate 893776 bytes for Chunk::new
# Possible reasons:
#   The system is out of physical RAM or swap space
#   The process is running with CompressedOops enabled, and the Java Heap may be blocking the growth of the native heap
# Possible solutions:
#   Reduce memory load on the system
#   Increase physical memory or swap space
#   Check if swap backing store is full
#   Decrease Java heap size (-Xmx/-Xms)
#   Decrease number of Java threads
#   Decrease Java thread stack sizes (-Xss)
#   Set larger code cache with -XX:ReservedCodeCacheSize=
#   JVM is running with Unscaled Compressed Oops mode in which the Java heap is
#     placed in the first 4GB address space. The Java Heap base address is the
#     maximum limit for the native heap growth. Please use -XX:HeapBaseMinAddress
#     to set the Java Heap base and to place the Java Heap above 4GB virtual address.
# This output file may be truncated or incomplete.
#
#  Out of Memory Error (arena.cpp:189), pid=19756, tid=16156
#
# JRE version: Java(TM) SE Runtime Environment (17.0.7+8) (build 17.0.7+8-LTS-224)
# Java VM: Java HotSpot(TM) 64-Bit Server VM (17.0.7+8-LTS-224, mixed mode, sharing, tiered, compressed oops, compressed class ptrs, g1 gc, windows-amd64)
# No core dump will be written. Minidumps are not enabled by default on client versions of Windows
#

---------------  S U M M A R Y ------------

Command Line: -Dclassworlds.conf=D:\utilities\apache-maven-3.9.2\bin\m2.conf -Dmaven.home=D:\utilities\apache-maven-3.9.2 -Dlibrary.jansi.path=D:\utilities\apache-maven-3.9.2\lib\jansi-native -Dmaven.multiModuleProjectDirectory=D:\office\stocks\workspace\money-maker org.codehaus.plexus.classworlds.launcher.Launcher -q -DskipTests compile

Host: Intel(R) Core(TM) i5-7300U CPU @ 2.60GHz, 4 cores, 7G,  Windows 10 , 64 bit Build 19041 (10.0.19041.7291)
Time: Sat Jul  4 23:52:50 2026 India Standard Time elapsed time: 41.283819 seconds (0d 0h 0m 41s)

---------------  T H R E A D  ---------------

Current thread (0x000002d79a8ca440):  JavaThread "C2 CompilerThread0" daemon [_thread_in_native, id=16156, stack(0x000000f38ed00000,0x000000f38ee00000)]


Current CompileTask:
C2:  41283 6180       4       com.sun.tools.javac.code.Symtab::lookupPackage (259 bytes)

Stack: [0x000000f38ed00000,0x000000f38ee00000]
Native frames: (J=compiled Java code, j=interpreted, Vv=VM code, C=native code)
V  [jvm.dll+0x676a4a]
V  [jvm.dll+0x7d74f4]
V  [jvm.dll+0x7d8c9e]
V  [jvm.dll+0x7d9303]
V  [jvm.dll+0x2452c5]
V  [jvm.dll+0xaaa2b]
V  [jvm.dll+0xaafcc]
V  [jvm.dll+0x3613cf]
V  [jvm.dll+0x32bba1]
V  [jvm.dll+0x32b03a]
V  [jvm.dll+0x217acf]
V  [jvm.dll+0x216f01]
V  [jvm.dll+0x1a35e0]
V  [jvm.dll+0x226a6e]
V  [jvm.dll+0x224e15]
V  [jvm.dll+0x78d05c]
V  [jvm.dll+0x78759a]
V  [jvm.dll+0x675875]
C  [ucrtbase.dll+0x21bb2]
C  [KERNEL32.DLL+0x17374]
C  [ntdll.dll+0x4cc91]


---------------  P R O C E S S  ---------------

Threads class SMR info:
_java_thread_list=0x000002d79bd293b0, length=13, elements={
0x000002d7fcfd8700, 0x000002d79a89c440, 0x000002d79a89f2c0, 0x000002d79a8b1fa0,
0x000002d79a8b3b60, 0x000002d79a8b6520, 0x000002d79a8b6ed0, 0x000002d79a8ca440,
0x000002d79a8ece60, 0x000002d79a8ef860, 0x000002d79b5066b0, 0x000002d79b508b90,
0x000002d79df00be0
}

Java Threads: ( => current thread )
  0x000002d7fcfd8700 JavaThread "main" [_thread_in_vm, id=4660, stack(0x000000f38e000000,0x000000f38e100000)]
  0x000002d79a89c440 JavaThread "Reference Handler" daemon [_thread_blocked, id=5568, stack(0x000000f38e700000,0x000000f38e800000)]
  0x000002d79a89f2c0 JavaThread "Finalizer" daemon [_thread_blocked, id=18424, stack(0x000000f38e800000,0x000000f38e900000)]
  0x000002d79a8b1fa0 JavaThread "Signal Dispatcher" daemon [_thread_blocked, id=4596, stack(0x000000f38e900000,0x000000f38ea00000)]
  0x000002d79a8b3b60 JavaThread "Attach Listener" daemon [_thread_blocked, id=5912, stack(0x000000f38ea00000,0x000000f38eb00000)]
  0x000002d79a8b6520 JavaThread "Service Thread" daemon [_thread_blocked, id=12356, stack(0x000000f38eb00000,0x000000f38ec00000)]
  0x000002d79a8b6ed0 JavaThread "Monitor Deflation Thread" daemon [_thread_blocked, id=5872, stack(0x000000f38ec00000,0x000000f38ed00000)]
=>0x000002d79a8ca440 JavaThread "C2 CompilerThread0" daemon [_thread_in_native, id=16156, stack(0x000000f38ed00000,0x000000f38ee00000)]
  0x000002d79a8ece60 JavaThread "C1 CompilerThread0" daemon [_thread_blocked, id=11760, stack(0x000000f38ee00000,0x000000f38ef00000)]
  0x000002d79a8ef860 JavaThread "Sweeper thread" daemon [_thread_blocked, id=6688, stack(0x000000f38ef00000,0x000000f38f000000)]
  0x000002d79b5066b0 JavaThread "Notification Thread" daemon [_thread_blocked, id=3532, stack(0x000000f38f000000,0x000000f38f100000)]
  0x000002d79b508b90 JavaThread "Common-Cleaner" daemon [_thread_blocked, id=12916, stack(0x000000f38f200000,0x000000f38f300000)]
  0x000002d79df00be0 JavaThread "C2 CompilerThread1" daemon [_thread_in_native, id=836, stack(0x000000f38f700000,0x000000f38f800000)]

Other Threads:
  0x000002d79a897840 VMThread "VM Thread" [stack: 0x000000f38e600000,0x000000f38e700000] [id=18136]
  0x000002d79a8a48a0 WatcherThread [stack: 0x000000f38f100000,0x000000f38f200000] [id=19232]
  0x000002d7fd033660 GCTaskThread "GC Thread#0" [stack: 0x000000f38e100000,0x000000f38e200000] [id=19508]
  0x000002d79b601240 GCTaskThread "GC Thread#1" [stack: 0x000000f38f300000,0x000000f38f400000] [id=6120]
  0x000002d79bcf89f0 GCTaskThread "GC Thread#2" [stack: 0x000000f38f400000,0x000000f38f500000] [id=19696]
  0x000002d79bc99790 GCTaskThread "GC Thread#3" [stack: 0x000000f38f500000,0x000000f38f600000] [id=14084]
  0x000002d7fd044980 ConcurrentGCThread "G1 Main Marker" [stack: 0x000000f38e200000,0x000000f38e300000] [id=18680]
  0x000002d7fd045390 ConcurrentGCThread "G1 Conc#0" [stack: 0x000000f38e300000,0x000000f38e400000] [id=15560]
  0x000002d79a750090 ConcurrentGCThread "G1 Refine#0" [stack: 0x000000f38e400000,0x000000f38e500000] [id=16280]
  0x000002d79bc99a40 ConcurrentGCThread "G1 Refine#1" [stack: 0x000000f38f600000,0x000000f38f700000] [id=13276]
  0x000002d79ce69ea0 ConcurrentGCThread "G1 Refine#2" [stack: 0x000000f38f800000,0x000000f38f900000] [id=3236]
  0x000002d79a750ab0 ConcurrentGCThread "G1 Service" [stack: 0x000000f38e500000,0x000000f38e600000] [id=10916]

Threads with active compile tasks:
C2 CompilerThread0    41350 6180       4       com.sun.tools.javac.code.Symtab::lookupPackage (259 bytes)
C2 CompilerThread1    41350 6200       4       jdk.internal.jimage.ImageLocation::getFullName (109 bytes)

VM state: not at safepoint (normal execution)

VM Mutex/Monitor currently owned by a thread: None

Heap address: 0x0000000081e00000, size: 2018 MB, Compressed Oops mode: 32-bit

CDS archive(s) mapped at: [0x0000000800000000-0x0000000800bd0000-0x0000000800bd0000), size 12386304, SharedBaseAddress: 0x0000000800000000, ArchiveRelocationMode: 0.
Compressed class space mapped at: 0x0000000800c00000-0x0000000840c00000, reserved size: 1073741824
Narrow klass base: 0x0000000800000000, Narrow klass shift: 0, Narrow klass range: 0x100000000

GC Precious Log:
 CPUs: 4 total, 4 available
 Memory: 8070M
 Large Page Support: Disabled
 NUMA Support: Disabled
 Compressed Oops: Enabled (32-bit)
 Heap Region Size: 1M
 Heap Min Capacity: 8M
 Heap Initial Capacity: 128M
 Heap Max Capacity: 2018M
 Pre-touch: Disabled
 Parallel Workers: 4
 Concurrent Workers: 1
 Concurrent Refinement Workers: 4
 Periodic GC: Disabled

Heap:
 garbage-first heap   total 101376K, used 56683K [0x0000000081e00000, 0x0000000100000000)
  region size 1024K, 9 young (9216K), 4 survivors (4096K)
 Metaspace       used 25969K, committed 26304K, reserved 1073152K
  class space    used 2966K, committed 3136K, reserved 1048576K

Heap Regions: E=young(eden), S=young(survivor), O=old, HS=humongous(starts), HC=humongous(continues), CS=collection set, F=free, OA=open archive, CA=closed archive, TAMS=top-at-mark-start (previous, next)
|   0|0x0000000081e00000, 0x0000000081f00000, 0x0000000081f00000|100%| O|  |TAMS 0x0000000081f00000, 0x0000000081e00000| Untracked 
|   1|0x0000000081f00000, 0x0000000082000000, 0x0000000082000000|100%| O|  |TAMS 0x0000000082000000, 0x0000000081f00000| Untracked 
|   2|0x0000000082000000, 0x0000000082080000, 0x0000000082100000| 50%| O|  |TAMS 0x0000000082000000, 0x0000000082000000| Untracked 
|   3|0x0000000082100000, 0x0000000082200000, 0x0000000082200000|100%| O|  |TAMS 0x0000000082200000, 0x0000000082100000| Untracked 
|   4|0x0000000082200000, 0x0000000082300000, 0x0000000082300000|100%|HS|  |TAMS 0x0000000082300000, 0x0000000082200000| Complete 
|   5|0x0000000082300000, 0x0000000082400000, 0x0000000082400000|100%|HC|  |TAMS 0x0000000082400000, 0x0000000082300000| Complete 
|   6|0x0000000082400000, 0x0000000082500000, 0x0000000082500000|100%| O|  |TAMS 0x0000000082500000, 0x0000000082400000| Untracked 
|   7|0x0000000082500000, 0x0000000082600000, 0x0000000082600000|100%| O|  |TAMS 0x0000000082600000, 0x0000000082500000| Untracked 
|   8|0x0000000082600000, 0x0000000082700000, 0x0000000082700000|100%| O|  |TAMS 0x0000000082700000, 0x0000000082600000| Untracked 
|   9|0x0000000082700000, 0x0000000082800000, 0x0000000082800000|100%| O|  |TAMS 0x0000000082800000, 0x0000000082700000| Untracked 
|  10|0x0000000082800000, 0x0000000082900000, 0x0000000082900000|100%| O|  |TAMS 0x0000000082900000, 0x0000000082800000| Untracked 
|  11|0x0000000082900000, 0x0000000082a00000, 0x0000000082a00000|100%| O|  |TAMS 0x0000000082a00000, 0x0000000082900000| Untracked 
|  12|0x0000000082a00000, 0x0000000082b00000, 0x0000000082b00000|100%| O|  |TAMS 0x0000000082b00000, 0x0000000082a00000| Untracked 
|  13|0x0000000082b00000, 0x0000000082c00000, 0x0000000082c00000|100%| O|  |TAMS 0x0000000082c00000, 0x0000000082b00000| Untracked 
|  14|0x0000000082c00000, 0x0000000082d00000, 0x0000000082d00000|100%| O|  |TAMS 0x0000000082d00000, 0x0000000082c00000| Untracked 
|  15|0x0000000082d00000, 0x0000000082e00000, 0x0000000082e00000|100%|HS|  |TAMS 0x0000000082e00000, 0x0000000082d00000| Complete 
|  16|0x0000000082e00000, 0x0000000082f00000, 0x0000000082f00000|100%|HC|  |TAMS 0x0000000082f00000, 0x0000000082e00000| Complete 
|  17|0x0000000082f00000, 0x0000000083000000, 0x0000000083000000|100%| O|  |TAMS 0x0000000083000000, 0x0000000082f00000| Untracked 
|  18|0x0000000083000000, 0x0000000083100000, 0x0000000083100000|100%| O|  |TAMS 0x0000000083100000, 0x0000000083000000| Untracked 
|  19|0x0000000083100000, 0x0000000083200000, 0x0000000083200000|100%| O|  |TAMS 0x0000000083200000, 0x0000000083100000| Untracked 
|  20|0x0000000083200000, 0x00000000832dae00, 0x0000000083300000| 85%| O|  |TAMS 0x00000000832dae00, 0x0000000083200000| Untracked 
|  21|0x0000000083300000, 0x0000000083400000, 0x0000000083400000|100%|HS|  |TAMS 0x0000000083400000, 0x0000000083300000| Complete 
|  22|0x0000000083400000, 0x0000000083500000, 0x0000000083500000|100%|HS|  |TAMS 0x0000000083500000, 0x0000000083400000| Complete 
|  23|0x0000000083500000, 0x0000000083600000, 0x0000000083600000|100%| O|  |TAMS 0x0000000083600000, 0x0000000083500000| Untracked 
|  24|0x0000000083600000, 0x0000000083700000, 0x0000000083700000|100%| O|  |TAMS 0x0000000083700000, 0x0000000083600000| Untracked 
|  25|0x0000000083700000, 0x0000000083800000, 0x0000000083800000|100%| O|  |TAMS 0x0000000083800000, 0x0000000083700000| Untracked 
|  26|0x0000000083800000, 0x0000000083900000, 0x0000000083900000|100%| O|  |TAMS 0x0000000083900000, 0x0000000083800000| Untracked 
|  27|0x0000000083900000, 0x0000000083a00000, 0x0000000083a00000|100%| O|  |TAMS 0x0000000083a00000, 0x0000000083900000| Untracked 
|  28|0x0000000083a00000, 0x0000000083b00000, 0x0000000083b00000|100%| O|  |TAMS 0x0000000083b00000, 0x0000000083a00000| Untracked 
|  29|0x0000000083b00000, 0x0000000083c00000, 0x0000000083c00000|100%|HS|  |TAMS 0x0000000083b00000, 0x0000000083b00000| Complete 
|  30|0x0000000083c00000, 0x0000000083c00000, 0x0000000083d00000|  0%| F|  |TAMS 0x0000000083c00000, 0x0000000083c00000| Untracked 
|  31|0x0000000083d00000, 0x0000000083d00000, 0x0000000083e00000|  0%| F|  |TAMS 0x0000000083d00000, 0x0000000083d00000| Untracked 
|  32|0x0000000083e00000, 0x0000000083e00000, 0x0000000083f00000|  0%| F|  |TAMS 0x0000000083e00000, 0x0000000083e00000| Untracked 
|  33|0x0000000083f00000, 0x0000000083f00000, 0x0000000084000000|  0%| F|  |TAMS 0x0000000083f00000, 0x0000000083f00000| Untracked 
|  34|0x0000000084000000, 0x0000000084000000, 0x0000000084100000|  0%| F|  |TAMS 0x0000000084000000, 0x0000000084000000| Untracked 
|  35|0x0000000084100000, 0x0000000084100000, 0x0000000084200000|  0%| F|  |TAMS 0x0000000084100000, 0x0000000084100000| Untracked 
|  36|0x0000000084200000, 0x0000000084300000, 0x0000000084300000|100%| O|  |TAMS 0x0000000084300000, 0x0000000084200000| Untracked 
|  37|0x0000000084300000, 0x0000000084400000, 0x0000000084400000|100%| O|  |TAMS 0x0000000084400000, 0x0000000084300000| Untracked 
|  38|0x0000000084400000, 0x0000000084500000, 0x0000000084500000|100%| O|  |TAMS 0x0000000084500000, 0x0000000084400000| Untracked 
|  39|0x0000000084500000, 0x0000000084600000, 0x0000000084600000|100%| O|  |TAMS 0x0000000084600000, 0x0000000084500000| Untracked 
|  40|0x0000000084600000, 0x0000000084700000, 0x0000000084700000|100%| O|  |TAMS 0x0000000084700000, 0x0000000084600000| Untracked 
|  41|0x0000000084700000, 0x0000000084800000, 0x0000000084800000|100%| O|  |TAMS 0x0000000084800000, 0x0000000084700000| Untracked 
|  42|0x0000000084800000, 0x0000000084900000, 0x0000000084900000|100%| O|  |TAMS 0x0000000084900000, 0x0000000084800000| Untracked 
|  43|0x0000000084900000, 0x0000000084a00000, 0x0000000084a00000|100%| O|  |TAMS 0x0000000084a00000, 0x0000000084900000| Untracked 
|  44|0x0000000084a00000, 0x0000000084b00000, 0x0000000084b00000|100%| O|  |TAMS 0x0000000084a80000, 0x0000000084a00000| Untracked 
|  45|0x0000000084b00000, 0x0000000084b00000, 0x0000000084c00000|  0%| F|  |TAMS 0x0000000084b00000, 0x0000000084b00000| Untracked 
|  46|0x0000000084c00000, 0x0000000084c00000, 0x0000000084d00000|  0%| F|  |TAMS 0x0000000084c00000, 0x0000000084c00000| Untracked 
|  47|0x0000000084d00000, 0x0000000084d00000, 0x0000000084e00000|  0%| F|  |TAMS 0x0000000084d00000, 0x0000000084d00000| Untracked 
|  48|0x0000000084e00000, 0x0000000084e00000, 0x0000000084f00000|  0%| F|  |TAMS 0x0000000084e00000, 0x0000000084e00000| Untracked 
|  49|0x0000000084f00000, 0x0000000084f00000, 0x0000000085000000|  0%| F|  |TAMS 0x0000000084f00000, 0x0000000084f00000| Untracked 
|  50|0x0000000085000000, 0x0000000085000000, 0x0000000085100000|  0%| F|  |TAMS 0x0000000085000000, 0x0000000085000000| Untracked 
|  51|0x0000000085100000, 0x0000000085100000, 0x0000000085200000|  0%| F|  |TAMS 0x0000000085100000, 0x0000000085100000| Untracked 
|  52|0x0000000085200000, 0x0000000085200000, 0x0000000085300000|  0%| F|  |TAMS 0x0000000085200000, 0x0000000085200000| Untracked 
|  53|0x0000000085300000, 0x0000000085300000, 0x0000000085400000|  0%| F|  |TAMS 0x0000000085300000, 0x0000000085300000| Untracked 
|  54|0x0000000085400000, 0x0000000085400000, 0x0000000085500000|  0%| F|  |TAMS 0x0000000085400000, 0x0000000085400000| Untracked 
|  55|0x0000000085500000, 0x0000000085500000, 0x0000000085600000|  0%| F|  |TAMS 0x0000000085500000, 0x0000000085500000| Untracked 
|  56|0x0000000085600000, 0x0000000085600000, 0x0000000085700000|  0%| F|  |TAMS 0x0000000085600000, 0x0000000085600000| Untracked 
|  57|0x0000000085700000, 0x0000000085700000, 0x0000000085800000|  0%| F|  |TAMS 0x0000000085700000, 0x0000000085700000| Untracked 
|  58|0x0000000085800000, 0x0000000085800000, 0x0000000085900000|  0%| F|  |TAMS 0x0000000085800000, 0x0000000085800000| Untracked 
|  59|0x0000000085900000, 0x0000000085900000, 0x0000000085a00000|  0%| F|  |TAMS 0x0000000085900000, 0x0000000085900000| Untracked 
|  60|0x0000000085a00000, 0x0000000085a00000, 0x0000000085b00000|  0%| F|  |TAMS 0x0000000085a00000, 0x0000000085a00000| Untracked 
|  61|0x0000000085b00000, 0x0000000085b00000, 0x0000000085c00000|  0%| F|  |TAMS 0x0000000085b00000, 0x0000000085b00000| Untracked 
|  62|0x0000000085c00000, 0x0000000085c00000, 0x0000000085d00000|  0%| F|  |TAMS 0x0000000085c00000, 0x0000000085c00000| Untracked 
|  63|0x0000000085d00000, 0x0000000085e00000, 0x0000000085e00000|100%| S|CS|TAMS 0x0000000085d00000, 0x0000000085d00000| Complete 
|  64|0x0000000085e00000, 0x0000000085f00000, 0x0000000085f00000|100%| S|CS|TAMS 0x0000000085e00000, 0x0000000085e00000| Complete 
|  65|0x0000000085f00000, 0x0000000086000000, 0x0000000086000000|100%| S|CS|TAMS 0x0000000085f00000, 0x0000000085f00000| Complete 
|  66|0x0000000086000000, 0x0000000086100000, 0x0000000086100000|100%| S|CS|TAMS 0x0000000086000000, 0x0000000086000000| Complete 
|  67|0x0000000086100000, 0x0000000086100000, 0x0000000086200000|  0%| F|  |TAMS 0x0000000086100000, 0x0000000086100000| Untracked 
|  68|0x0000000086200000, 0x0000000086200000, 0x0000000086300000|  0%| F|  |TAMS 0x0000000086200000, 0x0000000086200000| Untracked 
|  69|0x0000000086300000, 0x0000000086300000, 0x0000000086400000|  0%| F|  |TAMS 0x0000000086300000, 0x0000000086300000| Untracked 
|  70|0x0000000086400000, 0x0000000086400000, 0x0000000086500000|  0%| F|  |TAMS 0x0000000086400000, 0x0000000086400000| Untracked 
|  71|0x0000000086500000, 0x0000000086500000, 0x0000000086600000|  0%| F|  |TAMS 0x0000000086500000, 0x0000000086500000| Untracked 
|  72|0x0000000086600000, 0x0000000086600000, 0x0000000086700000|  0%| F|  |TAMS 0x0000000086600000, 0x0000000086600000| Untracked 
|  73|0x0000000086700000, 0x0000000086700000, 0x0000000086800000|  0%| F|  |TAMS 0x0000000086700000, 0x0000000086700000| Untracked 
|  74|0x0000000086800000, 0x0000000086800000, 0x0000000086900000|  0%| F|  |TAMS 0x0000000086800000, 0x0000000086800000| Untracked 
|  75|0x0000000086900000, 0x0000000086900000, 0x0000000086a00000|  0%| F|  |TAMS 0x0000000086900000, 0x0000000086900000| Untracked 
|  76|0x0000000086a00000, 0x0000000086a00000, 0x0000000086b00000|  0%| F|  |TAMS 0x0000000086a00000, 0x0000000086a00000| Untracked 
|  77|0x0000000086b00000, 0x0000000086b00000, 0x0000000086c00000|  0%| F|  |TAMS 0x0000000086b00000, 0x0000000086b00000| Untracked 
|  78|0x0000000086c00000, 0x0000000086c00000, 0x0000000086d00000|  0%| F|  |TAMS 0x0000000086c00000, 0x0000000086c00000| Untracked 
|  79|0x0000000086d00000, 0x0000000086d00000, 0x0000000086e00000|  0%| F|  |TAMS 0x0000000086d00000, 0x0000000086d00000| Untracked 
|  80|0x0000000086e00000, 0x0000000086e00000, 0x0000000086f00000|  0%| F|  |TAMS 0x0000000086e00000, 0x0000000086e00000| Untracked 
|  81|0x0000000086f00000, 0x0000000086f00000, 0x0000000087000000|  0%| F|  |TAMS 0x0000000086f00000, 0x0000000086f00000| Untracked 
|  82|0x0000000087000000, 0x0000000087000000, 0x0000000087100000|  0%| F|  |TAMS 0x0000000087000000, 0x0000000087000000| Untracked 
|  83|0x0000000087100000, 0x0000000087100000, 0x0000000087200000|  0%| F|  |TAMS 0x0000000087100000, 0x0000000087100000| Untracked 
| 116|0x0000000089200000, 0x0000000089200000, 0x0000000089300000|  0%| F|  |TAMS 0x0000000089200000, 0x0000000089200000| Untracked 
| 117|0x0000000089300000, 0x00000000893742f0, 0x0000000089400000| 45%| E|  |TAMS 0x0000000089300000, 0x0000000089300000| Complete 
| 118|0x0000000089400000, 0x0000000089500000, 0x0000000089500000|100%| E|CS|TAMS 0x0000000089400000, 0x0000000089400000| Complete 
| 119|0x0000000089500000, 0x0000000089600000, 0x0000000089600000|100%| E|CS|TAMS 0x0000000089500000, 0x0000000089500000| Complete 
| 120|0x0000000089600000, 0x0000000089700000, 0x0000000089700000|100%| E|CS|TAMS 0x0000000089600000, 0x0000000089600000| Complete 
| 127|0x0000000089d00000, 0x0000000089e00000, 0x0000000089e00000|100%| E|CS|TAMS 0x0000000089d00000, 0x0000000089d00000| Complete 
|2009|0x00000000ff700000, 0x00000000ff800000, 0x00000000ff800000|100%| O|  |TAMS 0x00000000ff800000, 0x00000000ff700000| Untracked 
|2010|0x00000000ff800000, 0x00000000ff900000, 0x00000000ff900000|100%| O|  |TAMS 0x00000000ff900000, 0x00000000ff800000| Untracked 
|2011|0x00000000ff900000, 0x00000000ffa00000, 0x00000000ffa00000|100%| O|  |TAMS 0x00000000ffa00000, 0x00000000ff900000| Untracked 
|2012|0x00000000ffa00000, 0x00000000ffb00000, 0x00000000ffb00000|100%| O|  |TAMS 0x00000000ffb00000, 0x00000000ffa00000| Untracked 
|2013|0x00000000ffb00000, 0x00000000ffc00000, 0x00000000ffc00000|100%| O|  |TAMS 0x00000000ffc00000, 0x00000000ffb00000| Untracked 
|2014|0x00000000ffc00000, 0x00000000ffd00000, 0x00000000ffd00000|100%| O|  |TAMS 0x00000000ffd00000, 0x00000000ffc00000| Untracked 
|2015|0x00000000ffd00000, 0x00000000ffe00000, 0x00000000ffe00000|100%| O|  |TAMS 0x00000000ffe00000, 0x00000000ffd00000| Untracked 
|2016|0x00000000ffe00000, 0x00000000fff00000, 0x00000000fff00000|100%| O|  |TAMS 0x00000000fff00000, 0x00000000ffe00000| Untracked 
|2017|0x00000000fff00000, 0x0000000100000000, 0x0000000100000000|100%| O|  |TAMS 0x0000000100000000, 0x00000000fff00000| Untracked 

Card table byte_map: [0x000002d7fd4b0000,0x000002d7fd8b0000] _byte_map_base: 0x000002d7fd0a1000

Marking Bits (Prev, Next): (CMBitMap*) 0x000002d7fd033c70, (CMBitMap*) 0x000002d7fd033cb0
 Prev Bits: [0x000002d7fdcb0000, 0x000002d7ffc38000)
 Next Bits: [0x000002d7967b0000, 0x000002d798738000)

Polling page: 0x000002d7fc7b0000

Metaspace:

Usage:
  Non-class:     22.46 MB used.
      Class:      2.90 MB used.
       Both:     25.36 MB used.

Virtual space:
  Non-class space:       24.00 MB reserved,      22.62 MB ( 94%) committed,  3 nodes.
      Class space:        1.00 GB reserved,       3.06 MB ( <1%) committed,  1 nodes.
             Both:        1.02 GB reserved,      25.69 MB (  2%) committed. 

Chunk freelists:
   Non-Class:  1.39 MB
       Class:  944.00 KB
        Both:  2.31 MB

MaxMetaspaceSize: unlimited
CompressedClassSpaceSize: 1.00 GB
Initial GC threshold: 21.00 MB
Current GC threshold: 42.75 MB
CDS: on
MetaspaceReclaimPolicy: balanced
 - commit_granule_bytes: 65536.
 - commit_granule_words: 8192.
 - virtual_space_node_default_size: 1048576.
 - enlarge_chunks_in_place: 1.
 - new_chunks_are_fully_committed: 0.
 - uncommit_free_chunks: 1.
 - use_allocation_guard: 0.
 - handle_deallocations: 1.


Internal statistics:

num_allocs_failed_limit: 6.
num_arena_births: 164.
num_arena_deaths: 0.
num_vsnodes_births: 4.
num_vsnodes_deaths: 0.
num_space_committed: 411.
num_space_uncommitted: 0.
num_chunks_returned_to_freelist: 6.
num_chunks_taken_from_freelist: 1087.
num_chunk_merges: 6.
num_chunk_splits: 782.
num_chunks_enlarged: 615.
num_purges: 0.
num_inconsistent_stats: 0.

CodeHeap 'non-profiled nmethods': size=120000Kb used=2607Kb max_used=2827Kb free=117392Kb
 bounds [0x000002d78f280000, 0x000002d78f550000, 0x000002d7967b0000]
CodeHeap 'profiled nmethods': size=120000Kb used=11311Kb max_used=12323Kb free=108688Kb
 bounds [0x000002d7877b0000, 0x000002d7883c0000, 0x000002d78ece0000]
CodeHeap 'non-nmethods': size=5760Kb used=1200Kb max_used=1283Kb free=4559Kb
 bounds [0x000002d78ece0000, 0x000002d78ef50000, 0x000002d78f280000]
 total_blobs=5846 nmethods=5345 adapters=413
 compilation: enabled
              stopped_count=0, restarted_count=0
 full_count=0

Compilation events (20 events):
Event: 41.242 Thread 0x000002d79a8ece60 nmethod 6189 0x000002d78782bf10 code [0x000002d78782c0a0, 0x000002d78782c1b8]
Event: 41.242 Thread 0x000002d79a8ece60 6193       1       com.sun.tools.javac.util.AbstractLog::currentSource (5 bytes)
Event: 41.242 Thread 0x000002d79a8ece60 nmethod 6193 0x000002d78f316a10 code [0x000002d78f316ba0, 0x000002d78f316c78]
Event: 41.242 Thread 0x000002d79a8ece60 6194       3       com.sun.tools.javac.tree.JCTree$JCClassDecl::getTag (4 bytes)
Event: 41.242 Thread 0x000002d79a8ece60 nmethod 6194 0x000002d787cd8010 code [0x000002d787cd81a0, 0x000002d787cd82b8]
Event: 41.255 Thread 0x000002d79a8ece60 6195       3       java.lang.Class::protectionDomain (48 bytes)
Event: 41.256 Thread 0x000002d79a8ece60 nmethod 6195 0x000002d787cd7590 code [0x000002d787cd77c0, 0x000002d787cd7e18]
Event: 41.258 Thread 0x000002d79a8ece60 6197       3       com.sun.tools.javac.comp.Attr::visitIdent (582 bytes)
Event: 41.260 Thread 0x000002d79df00be0 6200       4       jdk.internal.jimage.ImageLocation::getFullName (109 bytes)
Event: 41.261 Thread 0x000002d79a8ece60 nmethod 6197 0x000002d78781c690 code [0x000002d78781cb00, 0x000002d78781f488]
Event: 41.261 Thread 0x000002d79a8ece60 6198       3       com.sun.tools.javac.code.Scope::getSymbolsByName (10 bytes)
Event: 41.261 Thread 0x000002d79a8ece60 nmethod 6198 0x000002d787cd7190 code [0x000002d787cd7340, 0x000002d787cd7508]
Event: 41.261 Thread 0x000002d79a8ece60 6199       3       java.lang.invoke.MethodHandles$Lookup::lookupClassProtectionDomain (29 bytes)
Event: 41.262 Thread 0x000002d79a8ece60 nmethod 6199 0x000002d787cd6b10 code [0x000002d787cd6ce0, 0x000002d787cd6fe8]
Event: 41.262 Thread 0x000002d79a8ece60 6201       3       jdk.internal.jimage.ImageReader$SharedImageReader::visitLocation (73 bytes)
Event: 41.264 Thread 0x000002d79a8ece60 nmethod 6201 0x000002d78809ab10 code [0x000002d78809ada0, 0x000002d78809bb58]
Event: 41.267 Thread 0x000002d79a8ece60 6202       3       java.lang.invoke.MethodHandles$Lookup::getDirectConstructorCommon (69 bytes)
Event: 41.271 Thread 0x000002d79a8ece60 nmethod 6202 0x000002d788099910 code [0x000002d788099b80, 0x000002d78809a6b8]
Event: 41.272 Thread 0x000002d79a8ece60 6203       3       com.sun.tools.javac.code.Scope$ScopeImpl$2::hasNext (92 bytes)
Event: 41.272 Thread 0x000002d79a8ece60 nmethod 6203 0x000002d787cd6310 code [0x000002d787cd64e0, 0x000002d787cd6998]

GC Heap History (18 events):
Event: 17.498 GC heap before
{Heap before GC invocations=0 (full 0):
 garbage-first heap   total 131072K, used 13312K [0x0000000081e00000, 0x0000000100000000)
  region size 1024K, 13 young (13312K), 0 survivors (0K)
 Metaspace       used 3816K, committed 3904K, reserved 1056768K
  class space    used 413K, committed 448K, reserved 1048576K
}
Event: 17.503 GC heap after
{Heap after GC invocations=1 (full 0):
 garbage-first heap   total 131072K, used 3247K [0x0000000081e00000, 0x0000000100000000)
  region size 1024K, 2 young (2048K), 2 survivors (2048K)
 Metaspace       used 3816K, committed 3904K, reserved 1056768K
  class space    used 413K, committed 448K, reserved 1048576K
}
Event: 18.601 GC heap before
{Heap before GC invocations=1 (full 0):
 garbage-first heap   total 131072K, used 15535K [0x0000000081e00000, 0x0000000100000000)
  region size 1024K, 14 young (14336K), 2 survivors (2048K)
 Metaspace       used 5667K, committed 5824K, reserved 1056768K
  class space    used 688K, committed 768K, reserved 1048576K
}
Event: 18.606 GC heap after
{Heap after GC invocations=2 (full 0):
 garbage-first heap   total 131072K, used 4127K [0x0000000081e00000, 0x0000000100000000)
  region size 1024K, 1 young (1024K), 1 survivors (1024K)
 Metaspace       used 5667K, committed 5824K, reserved 1056768K
  class space    used 688K, committed 768K, reserved 1048576K
}
Event: 22.748 GC heap before
{Heap before GC invocations=2 (full 0):
 garbage-first heap   total 131072K, used 33823K [0x0000000081e00000, 0x0000000100000000)
  region size 1024K, 30 young (30720K), 1 survivors (1024K)
 Metaspace       used 10644K, committed 10816K, reserved 1064960K
  class space    used 1306K, committed 1408K, reserved 1048576K
}
Event: 22.759 GC heap after
{Heap after GC invocations=3 (full 0):
 garbage-first heap   total 131072K, used 5889K [0x0000000081e00000, 0x0000000100000000)
  region size 1024K, 3 young (3072K), 3 survivors (3072K)
 Metaspace       used 10644K, committed 10816K, reserved 1064960K
  class space    used 1306K, committed 1408K, reserved 1048576K
}
Event: 30.632 GC heap before
{Heap before GC invocations=3 (full 0):
 garbage-first heap   total 131072K, used 80641K [0x0000000081e00000, 0x0000000100000000)
  region size 1024K, 76 young (77824K), 3 survivors (3072K)
 Metaspace       used 15328K, committed 15552K, reserved 1064960K
  class space    used 1799K, committed 1920K, reserved 1048576K
}
Event: 30.649 GC heap after
{Heap after GC invocations=4 (full 0):
 garbage-first heap   total 131072K, used 13617K [0x0000000081e00000, 0x0000000100000000)
  region size 1024K, 10 young (10240K), 10 survivors (10240K)
 Metaspace       used 15328K, committed 15552K, reserved 1064960K
  class space    used 1799K, committed 1920K, reserved 1048576K
}
Event: 34.682 GC heap before
{Heap before GC invocations=4 (full 0):
 garbage-first heap   total 131072K, used 83249K [0x0000000081e00000, 0x0000000100000000)
  region size 1024K, 76 young (77824K), 10 survivors (10240K)
 Metaspace       used 19223K, committed 19520K, reserved 1073152K
  class space    used 2205K, committed 2368K, reserved 1048576K
}
Event: 34.703 GC heap after
{Heap after GC invocations=5 (full 0):
 garbage-first heap   total 131072K, used 21280K [0x0000000081e00000, 0x0000000100000000)
  region size 1024K, 7 young (7168K), 7 survivors (7168K)
 Metaspace       used 19223K, committed 19520K, reserved 1073152K
  class space    used 2205K, committed 2368K, reserved 1048576K
}
Event: 34.968 GC heap before
{Heap before GC invocations=5 (full 0):
 garbage-first heap   total 131072K, used 29472K [0x0000000081e00000, 0x0000000100000000)
  region size 1024K, 14 young (14336K), 7 survivors (7168K)
 Metaspace       used 21267K, committed 21504K, reserved 1073152K
  class space    used 2500K, committed 2624K, reserved 1048576K
}
Event: 34.981 GC heap after
{Heap after GC invocations=6 (full 0):
 garbage-first heap   total 131072K, used 25883K [0x0000000081e00000, 0x0000000100000000)
  region size 1024K, 5 young (5120K), 5 survivors (5120K)
 Metaspace       used 21267K, committed 21504K, reserved 1073152K
  class space    used 2500K, committed 2624K, reserved 1048576K
}
Event: 38.510 GC heap before
{Heap before GC invocations=7 (full 0):
 garbage-first heap   total 92160K, used 77083K [0x0000000081e00000, 0x0000000100000000)
  region size 1024K, 54 young (55296K), 5 survivors (5120K)
 Metaspace       used 25137K, committed 25536K, reserved 1073152K
  class space    used 2888K, committed 3072K, reserved 1048576K
}
Event: 38.543 GC heap after
{Heap after GC invocations=8 (full 0):
 garbage-first heap   total 101376K, used 45760K [0x0000000081e00000, 0x0000000100000000)
  region size 1024K, 7 young (7168K), 7 survivors (7168K)
 Metaspace       used 25137K, committed 25536K, reserved 1073152K
  class space    used 2888K, committed 3072K, reserved 1048576K
}
Event: 38.589 GC heap before
{Heap before GC invocations=8 (full 0):
 garbage-first heap   total 101376K, used 46784K [0x0000000081e00000, 0x0000000100000000)
  region size 1024K, 8 young (8192K), 7 survivors (7168K)
 Metaspace       used 25138K, committed 25536K, reserved 1073152K
  class space    used 2888K, committed 3072K, reserved 1048576K
}
Event: 38.600 GC heap after
{Heap after GC invocations=9 (full 0):
 garbage-first heap   total 101376K, used 47467K [0x0000000081e00000, 0x0000000100000000)
  region size 1024K, 1 young (1024K), 1 survivors (1024K)
 Metaspace       used 25138K, committed 25536K, reserved 1073152K
  class space    used 2888K, committed 3072K, reserved 1048576K
}
Event: 41.038 GC heap before
{Heap before GC invocations=9 (full 0):
 garbage-first heap   total 101376K, used 67947K [0x0000000081e00000, 0x0000000100000000)
  region size 1024K, 23 young (23552K), 1 survivors (1024K)
 Metaspace       used 25888K, committed 26240K, reserved 1073152K
  class space    used 2952K, committed 3136K, reserved 1048576K
}
Event: 41.049 GC heap after
{Heap after GC invocations=10 (full 0):
 garbage-first heap   total 101376K, used 51563K [0x0000000081e00000, 0x0000000100000000)
  region size 1024K, 4 young (4096K), 4 survivors (4096K)
 Metaspace       used 25888K, committed 26240K, reserved 1073152K
  class space    used 2952K, committed 3136K, reserved 1048576K
}

Deoptimization events (20 events):
Event: 40.482 Thread 0x000002d7fcfd8700 Uncommon trap: trap_request=0xffffff45 fr.pc=0x000002d78f503828 relative=0x00000000000002a8
Event: 40.482 Thread 0x000002d7fcfd8700 Uncommon trap: reason=unstable_if action=reinterpret pc=0x000002d78f503828 method=com.sun.tools.javac.util.Convert.utf2chars([BI[CII)I @ 37 c2
Event: 40.482 Thread 0x000002d7fcfd8700 DEOPT PACKING pc=0x000002d78f503828 sp=0x000000f38e0fc1e0
Event: 40.482 Thread 0x000002d7fcfd8700 DEOPT UNPACKING pc=0x000002d78ed323a3 sp=0x000000f38e0fc140 mode 2
Event: 40.528 Thread 0x000002d7fcfd8700 Uncommon trap: trap_request=0xffffff45 fr.pc=0x000002d78f331a90 relative=0x0000000000000930
Event: 40.528 Thread 0x000002d7fcfd8700 Uncommon trap: reason=unstable_if action=reinterpret pc=0x000002d78f331a90 method=jdk.internal.jimage.ImageStringsReader.stringFromByteBuffer(Ljava/nio/ByteBuffer;I)Ljava/lang/String; @ 7 c2
Event: 40.528 Thread 0x000002d7fcfd8700 DEOPT PACKING pc=0x000002d78f331a90 sp=0x000000f38e0fbf20
Event: 40.528 Thread 0x000002d7fcfd8700 DEOPT UNPACKING pc=0x000002d78ed323a3 sp=0x000000f38e0fbdb0 mode 2
Event: 40.528 Thread 0x000002d7fcfd8700 Uncommon trap: trap_request=0xffffff45 fr.pc=0x000002d78f2a46f8 relative=0x0000000000000838
Event: 40.528 Thread 0x000002d7fcfd8700 Uncommon trap: reason=unstable_if action=reinterpret pc=0x000002d78f2a46f8 method=jdk.internal.jimage.ImageStringsReader.stringFromByteBuffer(Ljava/nio/ByteBuffer;I)Ljava/lang/String; @ 7 c2
Event: 40.528 Thread 0x000002d7fcfd8700 DEOPT PACKING pc=0x000002d78f2a46f8 sp=0x000000f38e0fbd90
Event: 40.528 Thread 0x000002d7fcfd8700 DEOPT UNPACKING pc=0x000002d78ed323a3 sp=0x000000f38e0fbd48 mode 2
Event: 40.564 Thread 0x000002d7fcfd8700 Uncommon trap: trap_request=0xffffff45 fr.pc=0x000002d78f3921c8 relative=0x0000000000000048
Event: 40.564 Thread 0x000002d7fcfd8700 Uncommon trap: reason=unstable_if action=reinterpret pc=0x000002d78f3921c8 method=com.sun.tools.javac.util.ArrayUtils.ensureCapacity([BI)[B @ 3 c2
Event: 40.564 Thread 0x000002d7fcfd8700 DEOPT PACKING pc=0x000002d78f3921c8 sp=0x000000f38e0fbc10
Event: 40.564 Thread 0x000002d7fcfd8700 DEOPT UNPACKING pc=0x000002d78ed323a3 sp=0x000000f38e0fbb88 mode 2
Event: 40.973 Thread 0x000002d7fcfd8700 Uncommon trap: trap_request=0xffffff45 fr.pc=0x000002d78f2c22f0 relative=0x0000000000000070
Event: 40.973 Thread 0x000002d7fcfd8700 Uncommon trap: reason=unstable_if action=reinterpret pc=0x000002d78f2c22f0 method=com.sun.tools.javac.jvm.Code.width(I)I @ 1 c2
Event: 40.973 Thread 0x000002d7fcfd8700 DEOPT PACKING pc=0x000002d78f2c22f0 sp=0x000000f38e0fb190
Event: 40.973 Thread 0x000002d7fcfd8700 DEOPT UNPACKING pc=0x000002d78ed323a3 sp=0x000000f38e0fb118 mode 2

Classes unloaded (0 events):
No events

Classes redefined (0 events):
No events

Internal exceptions (20 events):
Event: 41.009 Thread 0x000002d7fcfd8700 Exception <a 'sun/nio/fs/WindowsException'{0x00000000862a2000}> (0x00000000862a2000) 
thrown [s\open\src\hotspot\share\prims\jni.cpp, line 516]
Event: 41.009 Thread 0x000002d7fcfd8700 Exception <a 'sun/nio/fs/WindowsException'{0x00000000862a2330}> (0x00000000862a2330) 
thrown [s\open\src\hotspot\share\prims\jni.cpp, line 516]
Event: 41.009 Thread 0x000002d7fcfd8700 Exception <a 'sun/nio/fs/WindowsException'{0x00000000862a3d70}> (0x00000000862a3d70) 
thrown [s\open\src\hotspot\share\prims\jni.cpp, line 516]
Event: 41.009 Thread 0x000002d7fcfd8700 Exception <a 'sun/nio/fs/WindowsException'{0x00000000862a4130}> (0x00000000862a4130) 
thrown [s\open\src\hotspot\share\prims\jni.cpp, line 516]
Event: 41.016 Thread 0x000002d7fcfd8700 Exception <a 'sun/nio/fs/WindowsException'{0x00000000862aa668}> (0x00000000862aa668) 
thrown [s\open\src\hotspot\share\prims\jni.cpp, line 516]
Event: 41.016 Thread 0x000002d7fcfd8700 Exception <a 'sun/nio/fs/WindowsException'{0x00000000862aa998}> (0x00000000862aa998) 
thrown [s\open\src\hotspot\share\prims\jni.cpp, line 516]
Event: 41.017 Thread 0x000002d7fcfd8700 Exception <a 'sun/nio/fs/WindowsException'{0x00000000862ae720}> (0x00000000862ae720) 
thrown [s\open\src\hotspot\share\prims\jni.cpp, line 516]
Event: 41.017 Thread 0x000002d7fcfd8700 Exception <a 'sun/nio/fs/WindowsException'{0x00000000862aea00}> (0x00000000862aea00) 
thrown [s\open\src\hotspot\share\prims\jni.cpp, line 516]
Event: 41.017 Thread 0x000002d7fcfd8700 Exception <a 'sun/nio/fs/WindowsException'{0x00000000862b4348}> (0x00000000862b4348) 
thrown [s\open\src\hotspot\share\prims\jni.cpp, line 516]
Event: 41.018 Thread 0x000002d7fcfd8700 Exception <a 'sun/nio/fs/WindowsException'{0x00000000862b4670}> (0x00000000862b4670) 
thrown [s\open\src\hotspot\share\prims\jni.cpp, line 516]
Event: 41.019 Thread 0x000002d7fcfd8700 Exception <a 'sun/nio/fs/WindowsException'{0x00000000862b6090}> (0x00000000862b6090) 
thrown [s\open\src\hotspot\share\prims\jni.cpp, line 516]
Event: 41.019 Thread 0x000002d7fcfd8700 Exception <a 'sun/nio/fs/WindowsException'{0x00000000862b6440}> (0x00000000862b6440) 
thrown [s\open\src\hotspot\share\prims\jni.cpp, line 516]
Event: 41.020 Thread 0x000002d7fcfd8700 Exception <a 'sun/nio/fs/WindowsException'{0x00000000862b8948}> (0x00000000862b8948) 
thrown [s\open\src\hotspot\share\prims\jni.cpp, line 516]
Event: 41.020 Thread 0x000002d7fcfd8700 Exception <a 'sun/nio/fs/WindowsException'{0x00000000862b8cb8}> (0x00000000862b8cb8) 
thrown [s\open\src\hotspot\share\prims\jni.cpp, line 516]
Event: 41.020 Thread 0x000002d7fcfd8700 Exception <a 'sun/nio/fs/WindowsException'{0x00000000862bebb8}> (0x00000000862bebb8) 
thrown [s\open\src\hotspot\share\prims\jni.cpp, line 516]
Event: 41.020 Thread 0x000002d7fcfd8700 Exception <a 'sun/nio/fs/WindowsException'{0x00000000862beed8}> (0x00000000862beed8) 
thrown [s\open\src\hotspot\share\prims\jni.cpp, line 516]
Event: 41.021 Thread 0x000002d7fcfd8700 Exception <a 'sun/nio/fs/WindowsException'{0x00000000862ce7d0}> (0x00000000862ce7d0) 
thrown [s\open\src\hotspot\share\prims\jni.cpp, line 516]
Event: 41.022 Thread 0x000002d7fcfd8700 Exception <a 'sun/nio/fs/WindowsException'{0x00000000862ceb30}> (0x00000000862ceb30) 
thrown [s\open\src\hotspot\share\prims\jni.cpp, line 516]
Event: 41.022 Thread 0x000002d7fcfd8700 Exception <a 'sun/nio/fs/WindowsException'{0x00000000862d05a0}> (0x00000000862d05a0) 
thrown [s\open\src\hotspot\share\prims\jni.cpp, line 516]
Event: 41.022 Thread 0x000002d7fcfd8700 Exception <a 'sun/nio/fs/WindowsException'{0x00000000862d0990}> (0x00000000862d0990) 
thrown [s\open\src\hotspot\share\prims\jni.cpp, line 516]

VM Operations (20 events):
Event: 38.643 Executing VM operation: HandshakeAllThreads
Event: 38.643 Executing VM operation: HandshakeAllThreads done
Event: 38.643 Executing VM operation: HandshakeAllThreads
Event: 38.643 Executing VM operation: HandshakeAllThreads done
Event: 38.659 Executing VM operation: HandshakeAllThreads
Event: 38.659 Executing VM operation: HandshakeAllThreads done
Event: 38.701 Executing VM operation: HandshakeAllThreads
Event: 38.701 Executing VM operation: HandshakeAllThreads done
Event: 39.713 Executing VM operation: Cleanup
Event: 39.724 Executing VM operation: Cleanup done
Event: 40.529 Executing VM operation: HandshakeAllThreads
Event: 40.529 Executing VM operation: HandshakeAllThreads done
Event: 40.793 Executing VM operation: ICBufferFull
Event: 40.793 Executing VM operation: ICBufferFull done
Event: 41.038 Executing VM operation: G1TryInitiateConcMark
Event: 41.049 Executing VM operation: G1TryInitiateConcMark done
Event: 41.154 Executing VM operation: G1Concurrent
Event: 41.172 Executing VM operation: G1Concurrent done
Event: 41.219 Executing VM operation: G1Concurrent
Event: 41.231 Executing VM operation: G1Concurrent done

Events (20 events):
Event: 40.049 loading class java/nio/file/FileTreeWalker$EventType done
Event: 40.049 loading class java/nio/file/Files$3
Event: 40.049 loading class java/nio/file/Files$3 done
Event: 40.050 loading class java/nio/file/FileVisitResult
Event: 40.050 loading class java/nio/file/FileVisitResult done
Event: 40.149 loading class jdk/internal/jrtfs/JrtDirectoryStream
Event: 40.149 loading class jdk/internal/jrtfs/JrtDirectoryStream done
Event: 40.151 loading class java/util/stream/StreamSpliterators$WrappingSpliterator
Event: 40.151 loading class java/util/stream/StreamSpliterators$AbstractWrappingSpliterator
Event: 40.155 loading class java/util/stream/StreamSpliterators$AbstractWrappingSpliterator done
Event: 40.155 loading class java/util/stream/StreamSpliterators$WrappingSpliterator done
Event: 40.157 loading class jdk/internal/jrtfs/JrtDirectoryStream$1
Event: 40.162 loading class jdk/internal/jrtfs/JrtDirectoryStream$1 done
Event: 40.164 loading class java/util/stream/StreamSpliterators
Event: 40.164 loading class java/util/stream/StreamSpliterators done
Event: 40.165 loading class java/util/function/BooleanSupplier
Event: 40.165 loading class java/util/function/BooleanSupplier done
Event: 40.465 Thread 0x000002d79df00be0 Thread added: 0x000002d79df00be0
Event: 40.528 loading class jdk/internal/jimage/ImageReader$LinkNode
Event: 40.528 loading class jdk/internal/jimage/ImageReader$LinkNode done


Dynamic libraries:
0x00007ff639500000 - 0x00007ff639510000 	C:\Program Files\Java\jdk-17\bin\java.exe
0x00007ffa00190000 - 0x00007ffa00389000 	C:\Windows\SYSTEM32\ntdll.dll
0x00007ff9fe620000 - 0x00007ff9fe6e2000 	C:\Windows\System32\KERNEL32.DLL
0x00007ff9fde90000 - 0x00007ff9fe187000 	C:\Windows\System32\KERNELBASE.dll
0x00007ff9fdc80000 - 0x00007ff9fdd80000 	C:\Windows\System32\ucrtbase.dll
0x00007ff9df5e0000 - 0x00007ff9df5fb000 	C:\Program Files\Java\jdk-17\bin\VCRUNTIME140.dll
0x00007ff9df0d0000 - 0x00007ff9df0e9000 	C:\Program Files\Java\jdk-17\bin\jli.dll
0x00007ff9fe6f0000 - 0x00007ff9fe7a1000 	C:\Windows\System32\ADVAPI32.dll
0x00007ff9fe7c0000 - 0x00007ff9fe85e000 	C:\Windows\System32\msvcrt.dll
0x00007ff9fea00000 - 0x00007ff9fea9f000 	C:\Windows\System32\sechost.dll
0x00007ff9febf0000 - 0x00007ff9fed16000 	C:\Windows\System32\RPCRT4.dll
0x00007ff9fdc50000 - 0x00007ff9fdc77000 	C:\Windows\System32\bcrypt.dll
0x00007ff9fe860000 - 0x00007ff9fe9fd000 	C:\Windows\System32\USER32.dll
0x00007ff9fde60000 - 0x00007ff9fde82000 	C:\Windows\System32\win32u.dll
0x00007ff9feed0000 - 0x00007ff9feefb000 	C:\Windows\System32\GDI32.dll
0x00007ff9fdb30000 - 0x00007ff9fdc4a000 	C:\Windows\System32\gdi32full.dll
0x00007ff9fda90000 - 0x00007ff9fdb2d000 	C:\Windows\System32\msvcp_win.dll
0x00007ff9e6be0000 - 0x00007ff9e6e7b000 	C:\Windows\WinSxS\amd64_microsoft.windows.common-controls_6595b64144ccf1df_6.0.19041.6926_none_60b5a53971f8f7e6\COMCTL32.dll
0x00007ff9f2d10000 - 0x00007ff9f2d1a000 	C:\Windows\SYSTEM32\VERSION.dll
0x00007ff9ffcb0000 - 0x00007ff9ffcdf000 	C:\Windows\System32\IMM32.DLL
0x00007ff9f4180000 - 0x00007ff9f418c000 	C:\Program Files\Java\jdk-17\bin\vcruntime140_1.dll
0x00007ff9d3230000 - 0x00007ff9d32be000 	C:\Program Files\Java\jdk-17\bin\msvcp140.dll
0x00007ff9acc60000 - 0x00007ff9ad83d000 	C:\Program Files\Java\jdk-17\bin\server\jvm.dll
0x00007ff9ff280000 - 0x00007ff9ff288000 	C:\Windows\System32\PSAPI.DLL
0x00007ff9e3cf0000 - 0x00007ff9e3d17000 	C:\Windows\SYSTEM32\WINMM.dll
0x00007ff9e24f0000 - 0x00007ff9e24f9000 	C:\Windows\SYSTEM32\WSOCK32.dll
0x00007ff9fe3e0000 - 0x00007ff9fe44b000 	C:\Windows\System32\WS2_32.dll
0x00007ff9fbfd0000 - 0x00007ff9fbfe2000 	C:\Windows\SYSTEM32\kernel.appcore.dll
0x00007ff9f4060000 - 0x00007ff9f406a000 	C:\Program Files\Java\jdk-17\bin\jimage.dll
0x00007ff9fb3a0000 - 0x00007ff9fb5a1000 	C:\Windows\SYSTEM32\DBGHELP.DLL
0x00007ff9e0230000 - 0x00007ff9e0264000 	C:\Windows\SYSTEM32\dbgcore.DLL
0x00007ff9fdd80000 - 0x00007ff9fde02000 	C:\Windows\System32\bcryptPrimitives.dll
0x00007ff9ddfc0000 - 0x00007ff9ddfe5000 	C:\Program Files\Java\jdk-17\bin\java.dll
0x00007ff9cbf60000 - 0x00007ff9cc037000 	C:\Program Files\Java\jdk-17\bin\jsvml.dll
0x00007ff9ff420000 - 0x00007ff9ffb91000 	C:\Windows\System32\SHELL32.dll
0x00007ff9fb810000 - 0x00007ff9fbfb6000 	C:\Windows\SYSTEM32\windows.storage.dll
0x00007ff9fef20000 - 0x00007ff9ff273000 	C:\Windows\System32\combase.dll
0x00007ff9fd070000 - 0x00007ff9fd09b000 	C:\Windows\SYSTEM32\Wldp.dll
0x00007ff9feab0000 - 0x00007ff9feb86000 	C:\Windows\System32\OLEAUT32.dll
0x00007ff9ffba0000 - 0x00007ff9ffc4d000 	C:\Windows\System32\SHCORE.dll
0x00007ff9ffc50000 - 0x00007ff9ffcab000 	C:\Windows\System32\shlwapi.dll
0x00007ff9fd720000 - 0x00007ff9fd744000 	C:\Windows\SYSTEM32\profapi.dll
0x00007ff9dd960000 - 0x00007ff9dd979000 	C:\Program Files\Java\jdk-17\bin\net.dll
0x00007ff9f0cd0000 - 0x00007ff9f0dda000 	C:\Windows\SYSTEM32\WINHTTP.dll
0x00007ff9fce20000 - 0x00007ff9fce8a000 	C:\Windows\system32\mswsock.dll
0x00007ff9dd940000 - 0x00007ff9dd956000 	C:\Program Files\Java\jdk-17\bin\nio.dll
0x00007ff9d7590000 - 0x00007ff9d75a8000 	C:\Program Files\Java\jdk-17\bin\zip.dll
0x0000000069ac0000 - 0x0000000069ae4000 	D:\utilities\apache-maven-3.9.2\lib\jansi-native\Windows\x86_64\jansi.dll
0x00007ff9f22c0000 - 0x00007ff9f22d0000 	C:\Program Files\Java\jdk-17\bin\verify.dll

dbghelp: loaded successfully - version: 4.0.5 - missing functions: none
symbol engine: initialized successfully - sym options: 0x614 - pdb path: .;C:\Program Files\Java\jdk-17\bin;C:\Windows\SYSTEM32;C:\Windows\WinSxS\amd64_microsoft.windows.common-controls_6595b64144ccf1df_6.0.19041.6926_none_60b5a53971f8f7e6;C:\Program Files\Java\jdk-17\bin\server;D:\utilities\apache-maven-3.9.2\lib\jansi-native\Windows\x86_64

VM Arguments:
jvm_args: -Dclassworlds.conf=D:\utilities\apache-maven-3.9.2\bin\m2.conf -Dmaven.home=D:\utilities\apache-maven-3.9.2 -Dlibrary.jansi.path=D:\utilities\apache-maven-3.9.2\lib\jansi-native -Dmaven.multiModuleProjectDirectory=D:\office\stocks\workspace\money-maker 
java_command: org.codehaus.plexus.classworlds.launcher.Launcher -q -DskipTests compile
java_class_path (initial): D:\utilities\apache-maven-3.9.2\boot\plexus-classworlds-2.7.0.jar
Launcher Type: SUN_STANDARD

[Global flags]
     intx CICompilerCount                          = 3                                         {product} {ergonomic}
     uint ConcGCThreads                            = 1                                         {product} {ergonomic}
     uint G1ConcRefinementThreads                  = 4                                         {product} {ergonomic}
   size_t G1HeapRegionSize                         = 1048576                                   {product} {ergonomic}
    uintx GCDrainStackTargetSize                   = 64                                        {product} {ergonomic}
   size_t InitialHeapSize                          = 134217728                                 {product} {ergonomic}
   size_t MarkStackSize                            = 4194304                                   {product} {ergonomic}
   size_t MaxHeapSize                              = 2116026368                                {product} {ergonomic}
   size_t MaxNewSize                               = 1268776960                                {product} {ergonomic}
   size_t MinHeapDeltaBytes                        = 1048576                                   {product} {ergonomic}
   size_t MinHeapSize                              = 8388608                                   {product} {ergonomic}
    uintx NonNMethodCodeHeapSize                   = 5832780                                {pd product} {ergonomic}
    uintx NonProfiledCodeHeapSize                  = 122912730                              {pd product} {ergonomic}
    uintx ProfiledCodeHeapSize                     = 122912730                              {pd product} {ergonomic}
    uintx ReservedCodeCacheSize                    = 251658240                              {pd product} {ergonomic}
     bool SegmentedCodeCache                       = true                                      {product} {ergonomic}
   size_t SoftMaxHeapSize                          = 2116026368                             {manageable} {ergonomic}
     bool UseCompressedClassPointers               = true                           {product lp64_product} {ergonomic}
     bool UseCompressedOops                        = true                           {product lp64_product} {ergonomic}
     bool UseG1GC                                  = true                                      {product} {ergonomic}
     bool UseLargePagesIndividualAllocation        = false                                  {pd product} {ergonomic}

Logging:
Log output configuration:
 #0: stdout all=warning uptime,level,tags
 #1: stderr all=off uptime,level,tags

Environment Variables:
JAVA_HOME=C:\Program Files\Java\jdk-17
PATH=C:\Windows\system32;C:\Windows;C:\Windows\System32\Wbem;C:\Windows\System32\WindowsPowerShell\v1.0\;C:\Windows\System32\OpenSSH\;C:\Program Files\dotnet\;C:\Program Files\Microchip\xc16\v2.10\bin;D:\utilities\apache-maven-3.9.2\bin;C:\Users\Admin\AppData\Roaming\nvm;C:\Program Files\nodejs;C:\Program Files\Git\cmd;C:\Program Files\GitHub CLI\;C:\Program Files\MySQL\MySQL Shell 8.0\bin\;C:\Users\Admin\AppData\Local\Programs\Python\Python310\Scripts\;C:\Users\Admin\AppData\Local\Programs\Python\Python310\;C:\Users\Admin\AppData\Local\Microsoft\WindowsApps;C:\Program Files\Java\jdk-17\bin;C:\Program Files\JetBrains\IntelliJ IDEA 2022.3.1\bin;;C:\Program Files\JetBrains\IntelliJ IDEA Community Edition 2025.2\bin;C:\Users\Admin\AppData\Roaming\nvm;C:\Program Files\nodejs;C:\Users\Admin\AppData\Local\Programs\Microsoft VS Code\bin;C:\spark\bin;C:\Users\Admin\.local\bin
USERNAME=Admin
OS=Windows_NT
PROCESSOR_IDENTIFIER=Intel64 Family 6 Model 142 Stepping 9, GenuineIntel



---------------  S Y S T E M  ---------------

OS:
 Windows 10 , 64 bit Build 19041 (10.0.19041.7291)
OS uptime: 6 days 9:41 hours
Hyper-V role detected

CPU: total 4 (initial active 4) (2 cores per cpu, 2 threads per core) family 6 model 142 stepping 9 microcode 0xea, cx8, cmov, fxsr, ht, mmx, 3dnowpref, sse, sse2, sse3, ssse3, sse4.1, sse4.2, popcnt, lzcnt, tsc, tscinvbit, avx, avx2, aes, erms, clmul, bmi1, bmi2, rtm, adx, fma, vzeroupper, clflush, clflushopt, hv

Memory: 4k page, system-wide physical 8070M (631M free)
TotalPageFile size 13146M (AvailPageFile size 2M)
current process WorkingSet (physical memory assigned to process): 214M, peak: 225M
current process commit charge ("private bytes"): 244M, peak: 265M

vm_info: Java HotSpot(TM) 64-Bit Server VM (17.0.7+8-LTS-224) for windows-amd64 JRE (17.0.7+8-LTS-224), built on Feb 28 2023 23:03:02 by "mach5one" with MS VC++ 17.1 (VS2022)

END.
