bars 88771, sessions 1188, first 2021-10-01 09:15:00, last 2026-09-25 15:25:00, front_month==0 bars 0, zero-volume bars 2, fm_na bars 2
[    5.83s] load
[   56.72s] engine.run
swings 26578, events 7950 (CHoCH 1532, BOS 6418), setups 1012, trades 1012, engine-skipped 0
[   56.85s] price trades
[   68.16s] fz.run
[   68.28s] fz build_trades
fz: zones 4673, ledger 1012, watches 476, positions 393 (TAKE 269, REENTER 124)
[   88.76s] features
  wrote bars: 88771 rows x 19 cols
  wrote sessions: 1188 rows x 7 cols
  wrote swings: 26578 rows x 8 cols
  wrote events: 7950 rows x 14 cols
  wrote setups: 1012 rows x 6 cols
  wrote skipped: 0 rows x 0 cols
  wrote trades: 1012 rows x 30 cols
  wrote fz_trades: 393 rows x 33 cols
  wrote fz_card: 88771 rows x 31 cols
  wrote fz_ledger: 1012 rows x 42 cols
  wrote fz_zones: 4673 rows x 14 cols
  wrote fz_visits: 14177 rows x 13 cols
  wrote fz_watches: 476 rows x 12 cols
  wrote features: 1012 rows x 186 cols
[  124.20s] write
{
 "IS": {
  "sessions": 1026,
  "bars": 76621,
  "setups": 832,
  "engine_skipped": 0,
  "foundation": {
   "n": 832,
   "net_inr": -230262.16,
   "mean_net_inr": -276.76,
   "wins": 184,
   "pts": 9896.25,
   "open_at_end": 0,
   "exit_reasons": {
    "next_choch": 403,
    "stop_loss": 429,
    "open": 0
   },
   "median_cost_inr": 1033.595
  },
  "gate_at_setup": {
   "TAKE": 228,
   "WATCH": 384,
   "BLOCK": 219,
   "REENTER": 1
  },
  "outcome_gate": {
   "TAKE": 228,
   "WATCH": 288,
   "BLOCK": 219,
   "REENTER": 97
  },
  "fz_positions": {
   "TAKE": 228,
   "REENTER": 97,
   "book": {
    "n": 325,
    "net_inr": -140291.26,
    "mean_net_inr": -431.67,
    "wins": 67,
    "pts": 3091.15,
    "open_at_end": 0,
    "exit_reasons": {
     "next_choch": 143,
     "stop_loss": 153,
     "open": 0
    },
    "median_cost_inr": 1032.66
   }
  },
  "block_reasons": {
   "new": 159,
   "open_pierce": 31,
   "clock": 11,
   "hunt_fade": 18
  },
  "reads": {
   "LEAVE": 469,
   "THIN": 49,
   "NEW": 84,
   "PENDING": 195,
   "FIRST_PRINT": 7,
   "REJECT": 7,
   "RECYCLE": 11,
   "ACCEPTED": 5,
   "HUNT": 5
  }
 },
 "OOS": {
  "sessions": 162,
  "bars": 12150,
  "setups": 180,
  "engine_skipped": 0,
  "foundation": {
   "n": 180,
   "net_inr": -190752.78,
   "mean_net_inr": -1059.74,
   "wins": 37,
   "pts": 157.0,
   "open_at_end": 1,
   "exit_reasons": {
    "next_choch": 87,
    "stop_loss": 92,
    "open": 1
   },
   "median_cost_inr": 1112.2649999999999
  },
  "gate_at_setup": {
   "TAKE": 41,
   "WATCH": 92,
   "BLOCK": 47,
   "REENTER": 0
  },
  "outcome_gate": {
   "TAKE": 41,
   "WATCH": 65,
   "BLOCK": 47,
   "REENTER": 27
  },
  "fz_positions": {
   "TAKE": 41,
   "REENTER": 27,
   "book": {
    "n": 68,
    "net_inr": -105763.6,
    "mean_net_inr": -1555.35,
    "wins": 12,
    "pts": -459.7,
    "open_at_end": 0,
    "exit_reasons": {
     "next_choch": 30,
     "stop_loss": 27,
     "open": 0
    },
    "median_cost_inr": 1112.835
   }
  },
  "block_reasons": {
   "new": 39,
   "open_pierce": 3,
   "hunt_fade": 1,
   "clock": 4
  },
  "reads": {
   "PENDING": 52,
   "LEAVE": 99,
   "THIN": 9,
   "NEW": 12,
   "REJECT": 1,
   "FIRST_PRINT": 3,
   "RECYCLE": 4
  }
 },
 "ALL": {
  "sessions": 1188,
  "bars": 88771,
  "setups": 1012,
  "engine_skipped": 0,
  "foundation": {
   "n": 1012,
   "net_inr": -421014.94,
   "mean_net_inr": -416.02,
   "wins": 221,
   "pts": 10053.25,
   "open_at_end": 1,
   "exit_reasons": {
    "next_choch": 490,
    "stop_loss": 521,
    "open": 1
   },
   "median_cost_inr": 1075.455
  },
  "gate_at_setup": {
   "TAKE": 269,
   "WATCH": 476,
   "BLOCK": 266,
   "REENTER": 1
  },
  "outcome_gate": {
   "TAKE": 269,
   "WATCH": 353,
   "BLOCK": 266,
   "REENTER": 124
  },
  "fz_positions": {
   "TAKE": 269,
   "REENTER": 124,
   "book": {
    "n": 393,
    "net_inr": -246054.86,
    "mean_net_inr": -626.09,
    "wins": 79,
    "pts": 2631.45,
    "open_at_end": 0,
    "exit_reasons": {
     "next_choch": 173,
     "stop_loss": 180,
     "open": 0
    },
    "median_cost_inr": 1076.51
   }
  },
  "block_reasons": {
   "new": 198,
   "open_pierce": 34,
   "clock": 15,
   "hunt_fade": 19
  },
  "reads": {
   "LEAVE": 568,
   "THIN": 58,
   "NEW": 96,
   "PENDING": 247,
   "FIRST_PRINT": 10,
   "REJECT": 8,
   "RECYCLE": 15,
   "ACCEPTED": 5,
   "HUNT": 5
  }
 }
}
columns: ['setup_i', 'time', 'date', 'session_idx', 'session_bar', 'hhmm', 'hour', 'minute_of_session', 'dow', 'dir', 'choch_i', 'choch_time', 'bars_since_choch', 'choch_flip', 'choch_trend_before', 'choch_same_session', 'open', 'high', 'low', 'close', 'contract', 'days_to_expiry', 'split', 'in_warmup', 'sl', 'sl_dist_pts', 'sl_dist_atr', 'engine_skipped', 'atr14', 'range12_pts', 'range12_atr', 'range36_pts', 'range36_atr', 'bar_range_pts', 'bar_body_pts', 'bar_range_atr', 'close_pos_in_bar', 'sess_open', 'close_vs_sess_open_pts', 'sess_range_sofar_pts', 'sess_range_sofar_atr', 'close_pos_in_sess_range', 'gap_pts', 'prev_close', 'ret_6_pts', 'ret_12_pts', 'ret_36_pts', 'n_events_asof', 'n_choch_since_bos', 'n_bos_since_choch', 'n_flip_choch_since_bos', 'bars_since_bos', 'last_bos_dir', 'last_bos_same_session', 'bars_since_prev_choch', 'last_choch_dir', 'alternations_last6', 'last6_kinds', 'choch_run', 'n_events_last_36', 'n_choch_last_36', 'n_events_today', 'n_choch_today', 'n_bos_today', 'vol', 'vol_med20', 'vol_med60', 'vol_ratio20', 'vol_ratio60', 'vol_na', 'hv3_bars_since', 'hv3_dir', 'hv3_dir_agree', 'hv3_ratio', 'hv3_high_held', 'hv3_low_held', 'sess_vol_vs_prev_sess', 'prot_lvl', 'dist_prot_pts', 'dist_prot_atr', 'last_sh_px', 'last_sl_px', 'dist_sh_pts', 'dist_sl_pts', 'last_sh_bars_ago', 'last_sl_bars_ago', 'choch_lvl', 'dist_choch_lvl_pts', 'dist_choch_lvl_atr', 'n_swings_last_36', 'choch_bar_range', 'choch_bar_range_atr', 'move_since_choch_pts', 'today_n_closed_asof', 'today_net_asof', 'today_n_stops_asof', 'today_n_setups_before', 'last_closed_net_asof', 'last_closed_reason_asof', 'card_out_run', 'card_out_side', 'card_wick_depth', 'card_cluster_sit', 'card_prev_bars', 'card_prev_vol', 'card_last_leave_failed', 'card_touches', 'card_last_hunt_at', 'card_last_hunt_dir', 'card_last_reject_at', 'card_last_reject_dir', 'card_leave_side', 'card_first_clock_lived', 'fz_zone_id', 'fz_zone_kind', 'fz_band_lo', 'fz_band_hi', 'fz_visit_n', 'fz_this_bars', 'fz_this_vol', 'fz_first_bars', 'fz_first_vol', 'fz_vol_na', 'fz_first_vol_na', 'fz_read', 'fz_left_id', 'fz_in_id', 'fz_level_in_band', 'fz_gate', 'fz_block_reason', 'fz_branch', 'fz_take_why', 'fz_entered_zone_id', 'fz_entered_visit_n', 'fz_entered_read', 'fz_leave_vol_ok', 'fz_leave_kind', 'fz_watch_kind', 'fz_watch_band_id', 'fzpost_outcome_gate', 'fzpost_refused', 'fzpost_watch_outcome', 'fzpost_reenter_reason', 'fzpost_fill_used', 'fzpost_fill_bar', 'fzpost_fill_delay_bars', 'fzpost_edge_dist_pts', 'fzpost_armed_bars', 'fzpost_rearmed_bars', 'fzpost_sl_bar', 'fz_band_width', 'fz_pos_in_band', 'fz_dist_band_edge_ahead', 'fz_dist_band_edge_behind', 'fwd_ret_5_pts', 'fwd_ret_5_dir_pts', 'fwd_ret_15_pts', 'fwd_ret_15_dir_pts', 'fwd_ret_30_pts', 'fwd_ret_30_dir_pts', 'fnd_traded', 'fnd_exit_i', 'fnd_exit_time', 'fnd_exit_px', 'fnd_exit_reason', 'fnd_open', 'fnd_pts', 'fnd_gross_inr', 'fnd_charges_inr', 'fnd_slip_inr', 'fnd_cost_inr', 'fnd_net_inr', 'fnd_win', 'fnd_bars_held', 'fnd_sessions_held', 'fnd_crosses_roll', 'fnd_mfe_pts', 'fnd_mae_pts', 'fzpos_kind', 'fzpos_entry_i', 'fzpos_entry_time', 'fzpos_exit_i', 'fzpos_exit_time', 'fzpos_exit_reason', 'fzpos_pts', 'fzpos_net_inr']
done {'load': 5.83, 'engine.run': 56.72, 'price trades': 56.85, 'fz.run': 68.16, 'fz build_trades': 68.28, 'features': 88.76, 'write': 124.2, 'total': 124.41}
